Release 14.3 - xst P.40xd (nt64)
Copyright (c) 1995-2012 Xilinx, Inc.  All rights reserved.
--> Parameter TMPDIR set to xst/projnav.tmp


Total REAL time to Xst completion: 1.00 secs
Total CPU time to Xst completion: 0.72 secs
 
--> Parameter xsthdpdir set to xst


Total REAL time to Xst completion: 1.00 secs
Total CPU time to Xst completion: 0.72 secs
 
--> Reading design: ALU.prj

TABLE OF CONTENTS
  1) Synthesis Options Summary
  2) HDL Parsing
  3) HDL Elaboration
  4) HDL Synthesis
       4.1) HDL Synthesis Report
  5) Advanced HDL Synthesis
       5.1) Advanced HDL Synthesis Report
  6) Low Level Synthesis
  7) Partition Report
  8) Design Summary
       8.1) Primitive and Black Box Usage
       8.2) Device utilization summary
       8.3) Partition Resource Summary
       8.4) Timing Report
            8.4.1) Clock Information
            8.4.2) Asynchronous Control Signals Information
            8.4.3) Timing Summary
            8.4.4) Timing Details
            8.4.5) Cross Clock Domains Report


=========================================================================
*                      Synthesis Options Summary                        *
=========================================================================
---- Source Parameters
Input File Name                    : "ALU.prj"
Ignore Synthesis Constraint File   : NO

---- Target Parameters
Output File Name                   : "ALU"
Output Format                      : NGC
Target Device                      : xc6slx16-2-csg324

---- Source Options
Top Module Name                    : ALU
Automatic FSM Extraction           : YES
FSM Encoding Algorithm             : Auto
Safe Implementation                : No
FSM Style                          : LUT
RAM Extraction                     : Yes
RAM Style                          : Auto
ROM Extraction                     : Yes
Shift Register Extraction          : YES
ROM Style                          : Auto
Resource Sharing                   : YES
Asynchronous To Synchronous        : NO
Shift Register Minimum Size        : 2
Use DSP Block                      : Auto
Automatic Register Balancing       : No

---- Target Options
LUT Combining                      : Auto
Reduce Control Sets                : Auto
Add IO Buffers                     : YES
Global Maximum Fanout              : 100000
Add Generic Clock Buffer(BUFG)     : 16
Register Duplication               : YES
Optimize Instantiated Primitives   : NO
Use Clock Enable                   : Auto
Use Synchronous Set                : Auto
Use Synchronous Reset              : Auto
Pack IO Registers into IOBs        : Auto
Equivalent register Removal        : YES

---- General Options
Optimization Goal                  : Speed
Optimization Effort                : 1
Power Reduction                    : NO
Keep Hierarchy                     : No
Netlist Hierarchy                  : As_Optimized
RTL Output                         : Yes
Global Optimization                : AllClockNets
Read Cores                         : YES
Write Timing Constraints           : NO
Cross Clock Analysis               : NO
Hierarchy Separator                : /
Bus Delimiter                      : <>
Case Specifier                     : Maintain
Slice Utilization Ratio            : 100
BRAM Utilization Ratio             : 100
DSP48 Utilization Ratio            : 100
Auto BRAM Packing                  : NO
Slice Utilization Ratio Delta      : 5

=========================================================================


=========================================================================
*                          HDL Parsing                                  *
=========================================================================
Analyzing Verilog file "C:\Users\PC\Desktop\TEC\taller digital\ISEprogrmas\proyectoAscensor\arquitecturaMulticiclo\ALU.v" into library work
Parsing module <ALU>.

=========================================================================
*                            HDL Elaboration                            *
=========================================================================

Elaborating module <ALU>.
WARNING:HDLCompiler:1127 - "C:\Users\PC\Desktop\TEC\taller digital\ISEprogrmas\proyectoAscensor\arquitecturaMulticiclo\ALU.v" Line 33: Assignment to tmpComp ignored, since the identifier is never used
WARNING:HDLCompiler:1127 - "C:\Users\PC\Desktop\TEC\taller digital\ISEprogrmas\proyectoAscensor\arquitecturaMulticiclo\ALU.v" Line 36: Assignment to mod ignored, since the identifier is never used
WARNING:HDLCompiler:1127 - "C:\Users\PC\Desktop\TEC\taller digital\ISEprogrmas\proyectoAscensor\arquitecturaMulticiclo\ALU.v" Line 37: Assignment to digits ignored, since the identifier is never used
WARNING:HDLCompiler:1127 - "C:\Users\PC\Desktop\TEC\taller digital\ISEprogrmas\proyectoAscensor\arquitecturaMulticiclo\ALU.v" Line 38: Assignment to digits2 ignored, since the identifier is never used

=========================================================================
*                           HDL Synthesis                               *
=========================================================================

Synthesizing Unit <ALU>.
    Related source file is "C:\Users\PC\Desktop\TEC\taller digital\ISEprogrmas\proyectoAscensor\arquitecturaMulticiclo\ALU.v".
    Found 32-bit register for signal <oALUresult>.
    Found 32-bit subtractor for signal <iA[31]_iB[31]_sub_18_OUT> created at line 53.
    Found 32-bit adder for signal <iA[31]_GND_1_o_add_2_OUT> created at line 31.
    Found 32-bit adder for signal <iB[31]_GND_1_o_add_5_OUT> created at line 32.
    Found 32-bit adder for signal <iA[31]_iB[31]_add_16_OUT> created at line 48.
    Found 32x32-bit multiplier for signal <mult> created at line 34.
    Summary:
	inferred   1 Multiplier(s).
	inferred   4 Adder/Subtractor(s).
	inferred  32 D-type flip-flop(s).
	inferred   2 Multiplexer(s).
Unit <ALU> synthesized.

Synthesizing Unit <div_32u_32u>.
    Related source file is "".
    Found 64-bit adder for signal <n3436> created at line 0.
    Found 64-bit adder for signal <GND_3_o_b[31]_add_1_OUT> created at line 0.
    Found 63-bit adder for signal <n3440> created at line 0.
    Found 63-bit adder for signal <GND_3_o_b[31]_add_3_OUT> created at line 0.
    Found 62-bit adder for signal <n3444> created at line 0.
    Found 62-bit adder for signal <GND_3_o_b[31]_add_5_OUT> created at line 0.
    Found 61-bit adder for signal <n3448> created at line 0.
    Found 61-bit adder for signal <GND_3_o_b[31]_add_7_OUT> created at line 0.
    Found 60-bit adder for signal <n3452> created at line 0.
    Found 60-bit adder for signal <GND_3_o_b[31]_add_9_OUT> created at line 0.
    Found 59-bit adder for signal <n3456> created at line 0.
    Found 59-bit adder for signal <GND_3_o_b[31]_add_11_OUT> created at line 0.
    Found 58-bit adder for signal <n3460> created at line 0.
    Found 58-bit adder for signal <GND_3_o_b[31]_add_13_OUT> created at line 0.
    Found 57-bit adder for signal <n3464> created at line 0.
    Found 57-bit adder for signal <GND_3_o_b[31]_add_15_OUT> created at line 0.
    Found 56-bit adder for signal <n3468> created at line 0.
    Found 56-bit adder for signal <GND_3_o_b[31]_add_17_OUT> created at line 0.
    Found 55-bit adder for signal <n3472> created at line 0.
    Found 55-bit adder for signal <GND_3_o_b[31]_add_19_OUT> created at line 0.
    Found 54-bit adder for signal <n3476> created at line 0.
    Found 54-bit adder for signal <GND_3_o_b[31]_add_21_OUT> created at line 0.
    Found 53-bit adder for signal <n3480> created at line 0.
    Found 53-bit adder for signal <GND_3_o_b[31]_add_23_OUT> created at line 0.
    Found 52-bit adder for signal <n3484> created at line 0.
    Found 52-bit adder for signal <GND_3_o_b[31]_add_25_OUT> created at line 0.
    Found 51-bit adder for signal <n3488> created at line 0.
    Found 51-bit adder for signal <GND_3_o_b[31]_add_27_OUT> created at line 0.
    Found 50-bit adder for signal <n3492> created at line 0.
    Found 50-bit adder for signal <GND_3_o_b[31]_add_29_OUT> created at line 0.
    Found 49-bit adder for signal <n3496> created at line 0.
    Found 49-bit adder for signal <GND_3_o_b[31]_add_31_OUT> created at line 0.
    Found 48-bit adder for signal <n3500> created at line 0.
    Found 48-bit adder for signal <GND_3_o_b[31]_add_33_OUT> created at line 0.
    Found 47-bit adder for signal <n3504> created at line 0.
    Found 47-bit adder for signal <GND_3_o_b[31]_add_35_OUT> created at line 0.
    Found 46-bit adder for signal <n3508> created at line 0.
    Found 46-bit adder for signal <GND_3_o_b[31]_add_37_OUT> created at line 0.
    Found 45-bit adder for signal <n3512> created at line 0.
    Found 45-bit adder for signal <GND_3_o_b[31]_add_39_OUT> created at line 0.
    Found 44-bit adder for signal <n3516> created at line 0.
    Found 44-bit adder for signal <GND_3_o_b[31]_add_41_OUT> created at line 0.
    Found 43-bit adder for signal <n3520> created at line 0.
    Found 43-bit adder for signal <GND_3_o_b[31]_add_43_OUT> created at line 0.
    Found 42-bit adder for signal <n3524> created at line 0.
    Found 42-bit adder for signal <GND_3_o_b[31]_add_45_OUT> created at line 0.
    Found 41-bit adder for signal <n3528> created at line 0.
    Found 41-bit adder for signal <GND_3_o_b[31]_add_47_OUT> created at line 0.
    Found 40-bit adder for signal <n3532> created at line 0.
    Found 40-bit adder for signal <GND_3_o_b[31]_add_49_OUT> created at line 0.
    Found 39-bit adder for signal <n3536> created at line 0.
    Found 39-bit adder for signal <GND_3_o_b[31]_add_51_OUT> created at line 0.
    Found 38-bit adder for signal <n3540> created at line 0.
    Found 38-bit adder for signal <GND_3_o_b[31]_add_53_OUT> created at line 0.
    Found 37-bit adder for signal <n3544> created at line 0.
    Found 37-bit adder for signal <GND_3_o_b[31]_add_55_OUT> created at line 0.
    Found 36-bit adder for signal <n3548> created at line 0.
    Found 36-bit adder for signal <GND_3_o_b[31]_add_57_OUT> created at line 0.
    Found 35-bit adder for signal <n3552> created at line 0.
    Found 35-bit adder for signal <GND_3_o_b[31]_add_59_OUT> created at line 0.
    Found 34-bit adder for signal <n3556> created at line 0.
    Found 34-bit adder for signal <GND_3_o_b[31]_add_61_OUT> created at line 0.
    Found 33-bit adder for signal <n3560> created at line 0.
    Found 33-bit adder for signal <GND_3_o_b[31]_add_63_OUT> created at line 0.
    Found 64-bit comparator lessequal for signal <BUS_0001> created at line 0
    Found 63-bit comparator lessequal for signal <BUS_0002> created at line 0
    Found 62-bit comparator lessequal for signal <BUS_0003> created at line 0
    Found 61-bit comparator lessequal for signal <BUS_0004> created at line 0
    Found 60-bit comparator lessequal for signal <BUS_0005> created at line 0
    Found 59-bit comparator lessequal for signal <BUS_0006> created at line 0
    Found 58-bit comparator lessequal for signal <BUS_0007> created at line 0
    Found 57-bit comparator lessequal for signal <BUS_0008> created at line 0
    Found 56-bit comparator lessequal for signal <BUS_0009> created at line 0
    Found 55-bit comparator lessequal for signal <BUS_0010> created at line 0
    Found 54-bit comparator lessequal for signal <BUS_0011> created at line 0
    Found 53-bit comparator lessequal for signal <BUS_0012> created at line 0
    Found 52-bit comparator lessequal for signal <BUS_0013> created at line 0
    Found 51-bit comparator lessequal for signal <BUS_0014> created at line 0
    Found 50-bit comparator lessequal for signal <BUS_0015> created at line 0
    Found 49-bit comparator lessequal for signal <BUS_0016> created at line 0
    Found 48-bit comparator lessequal for signal <BUS_0017> created at line 0
    Found 47-bit comparator lessequal for signal <BUS_0018> created at line 0
    Found 46-bit comparator lessequal for signal <BUS_0019> created at line 0
    Found 45-bit comparator lessequal for signal <BUS_0020> created at line 0
    Found 44-bit comparator lessequal for signal <BUS_0021> created at line 0
    Found 43-bit comparator lessequal for signal <BUS_0022> created at line 0
    Found 42-bit comparator lessequal for signal <BUS_0023> created at line 0
    Found 41-bit comparator lessequal for signal <BUS_0024> created at line 0
    Found 40-bit comparator lessequal for signal <BUS_0025> created at line 0
    Found 39-bit comparator lessequal for signal <BUS_0026> created at line 0
    Found 38-bit comparator lessequal for signal <BUS_0027> created at line 0
    Found 37-bit comparator lessequal for signal <BUS_0028> created at line 0
    Found 36-bit comparator lessequal for signal <BUS_0029> created at line 0
    Found 35-bit comparator lessequal for signal <BUS_0030> created at line 0
    Found 34-bit comparator lessequal for signal <BUS_0031> created at line 0
    Found 33-bit comparator lessequal for signal <BUS_0032> created at line 0
    Found 32-bit comparator lessequal for signal <BUS_0033> created at line 0
    Summary:
	inferred  64 Adder/Subtractor(s).
	inferred  33 Comparator(s).
	inferred 993 Multiplexer(s).
Unit <div_32u_32u> synthesized.

=========================================================================
HDL Synthesis Report

Macro Statistics
# Multipliers                                          : 1
 32x32-bit multiplier                                  : 1
# Adders/Subtractors                                   : 68
 32-bit adder                                          : 3
 32-bit subtractor                                     : 1
 33-bit adder                                          : 2
 34-bit adder                                          : 2
 35-bit adder                                          : 2
 36-bit adder                                          : 2
 37-bit adder                                          : 2
 38-bit adder                                          : 2
 39-bit adder                                          : 2
 40-bit adder                                          : 2
 41-bit adder                                          : 2
 42-bit adder                                          : 2
 43-bit adder                                          : 2
 44-bit adder                                          : 2
 45-bit adder                                          : 2
 46-bit adder                                          : 2
 47-bit adder                                          : 2
 48-bit adder                                          : 2
 49-bit adder                                          : 2
 50-bit adder                                          : 2
 51-bit adder                                          : 2
 52-bit adder                                          : 2
 53-bit adder                                          : 2
 54-bit adder                                          : 2
 55-bit adder                                          : 2
 56-bit adder                                          : 2
 57-bit adder                                          : 2
 58-bit adder                                          : 2
 59-bit adder                                          : 2
 60-bit adder                                          : 2
 61-bit adder                                          : 2
 62-bit adder                                          : 2
 63-bit adder                                          : 2
 64-bit adder                                          : 2
# Registers                                            : 1
 32-bit register                                       : 1
# Comparators                                          : 33
 32-bit comparator lessequal                           : 1
 33-bit comparator lessequal                           : 1
 34-bit comparator lessequal                           : 1
 35-bit comparator lessequal                           : 1
 36-bit comparator lessequal                           : 1
 37-bit comparator lessequal                           : 1
 38-bit comparator lessequal                           : 1
 39-bit comparator lessequal                           : 1
 40-bit comparator lessequal                           : 1
 41-bit comparator lessequal                           : 1
 42-bit comparator lessequal                           : 1
 43-bit comparator lessequal                           : 1
 44-bit comparator lessequal                           : 1
 45-bit comparator lessequal                           : 1
 46-bit comparator lessequal                           : 1
 47-bit comparator lessequal                           : 1
 48-bit comparator lessequal                           : 1
 49-bit comparator lessequal                           : 1
 50-bit comparator lessequal                           : 1
 51-bit comparator lessequal                           : 1
 52-bit comparator lessequal                           : 1
 53-bit comparator lessequal                           : 1
 54-bit comparator lessequal                           : 1
 55-bit comparator lessequal                           : 1
 56-bit comparator lessequal                           : 1
 57-bit comparator lessequal                           : 1
 58-bit comparator lessequal                           : 1
 59-bit comparator lessequal                           : 1
 60-bit comparator lessequal                           : 1
 61-bit comparator lessequal                           : 1
 62-bit comparator lessequal                           : 1
 63-bit comparator lessequal                           : 1
 64-bit comparator lessequal                           : 1
# Multiplexers                                         : 995
 1-bit 2-to-1 multiplexer                              : 992
 32-bit 2-to-1 multiplexer                             : 3
# Xors                                                 : 1
 32-bit xor2                                           : 1

=========================================================================

=========================================================================
*                       Advanced HDL Synthesis                          *
=========================================================================


=========================================================================
Advanced HDL Synthesis Report

Macro Statistics
# Multipliers                                          : 1
 32x32-bit multiplier                                  : 1
# Adders/Subtractors                                   : 36
 32-bit adder                                          : 3
 32-bit adder carry in                                 : 32
 32-bit subtractor                                     : 1
# Registers                                            : 32
 Flip-Flops                                            : 32
# Comparators                                          : 33
 32-bit comparator lessequal                           : 1
 33-bit comparator lessequal                           : 1
 34-bit comparator lessequal                           : 1
 35-bit comparator lessequal                           : 1
 36-bit comparator lessequal                           : 1
 37-bit comparator lessequal                           : 1
 38-bit comparator lessequal                           : 1
 39-bit comparator lessequal                           : 1
 40-bit comparator lessequal                           : 1
 41-bit comparator lessequal                           : 1
 42-bit comparator lessequal                           : 1
 43-bit comparator lessequal                           : 1
 44-bit comparator lessequal                           : 1
 45-bit comparator lessequal                           : 1
 46-bit comparator lessequal                           : 1
 47-bit comparator lessequal                           : 1
 48-bit comparator lessequal                           : 1
 49-bit comparator lessequal                           : 1
 50-bit comparator lessequal                           : 1
 51-bit comparator lessequal                           : 1
 52-bit comparator lessequal                           : 1
 53-bit comparator lessequal                           : 1
 54-bit comparator lessequal                           : 1
 55-bit comparator lessequal                           : 1
 56-bit comparator lessequal                           : 1
 57-bit comparator lessequal                           : 1
 58-bit comparator lessequal                           : 1
 59-bit comparator lessequal                           : 1
 60-bit comparator lessequal                           : 1
 61-bit comparator lessequal                           : 1
 62-bit comparator lessequal                           : 1
 63-bit comparator lessequal                           : 1
 64-bit comparator lessequal                           : 1
# Multiplexers                                         : 995
 1-bit 2-to-1 multiplexer                              : 992
 32-bit 2-to-1 multiplexer                             : 3
# Xors                                                 : 1
 32-bit xor2                                           : 1

=========================================================================

=========================================================================
*                         Low Level Synthesis                           *
=========================================================================
WARNING:Xst:2677 - Node <Mmult_mult3> of sequential type is unconnected in block <ALU>.

Optimizing unit <ALU> ...

Optimizing unit <div_32u_32u> ...

Mapping all equations...
Building and optimizing final netlist ...
Found area constraint ratio of 100 (+ 5) on block ALU, actual ratio is 26.

Final Macro Processing ...

=========================================================================
Final Register Report

Macro Statistics
# Registers                                            : 32
 Flip-Flops                                            : 32

=========================================================================

=========================================================================
*                           Partition Report                            *
=========================================================================

Partition Implementation Status
-------------------------------

  No Partitions were found in this design.

-------------------------------

=========================================================================
*                            Design Summary                             *
=========================================================================

Top Level Output File Name         : ALU.ngc

Primitive and Black Box Usage:
------------------------------
# BELS                             : 3500
#      GND                         : 1
#      INV                         : 62
#      LUT1                        : 2
#      LUT2                        : 73
#      LUT3                        : 330
#      LUT4                        : 492
#      LUT5                        : 418
#      LUT6                        : 563
#      MUXCY                       : 947
#      MUXF7                       : 2
#      VCC                         : 1
#      XORCY                       : 609
# FlipFlops/Latches                : 32
#      FD                          : 32
# Clock Buffers                    : 1
#      BUFGP                       : 1
# IO Buffers                       : 100
#      IBUF                        : 68
#      OBUF                        : 32
# DSPs                             : 3
#      DSP48A1                     : 3

Device utilization summary:
---------------------------

Selected Device : 6slx16csg324-2 


Slice Logic Utilization: 
 Number of Slice LUTs:                 1940  out of   9112    21%  
    Number used as Logic:              1940  out of   9112    21%  

Slice Logic Distribution: 
 Number of LUT Flip Flop pairs used:   1940
   Number with an unused Flip Flop:    1940  out of   1940   100%  
   Number with an unused LUT:             0  out of   1940     0%  
   Number of fully used LUT-FF pairs:     0  out of   1940     0%  
   Number of unique control sets:         1

IO Utilization: 
 Number of IOs:                         101
 Number of bonded IOBs:                 101  out of    232    43%  
    IOB Flip Flops/Latches:              32

Specific Feature Utilization:
 Number of BUFG/BUFGCTRLs:                1  out of     16     6%  
 Number of DSP48A1s:                      3  out of     32     9%  

---------------------------
Partition Resource Summary:
---------------------------

  No Partitions were found in this design.

---------------------------


=========================================================================
Timing Report

NOTE: THESE TIMING NUMBERS ARE ONLY A SYNTHESIS ESTIMATE.
      FOR ACCURATE TIMING INFORMATION PLEASE REFER TO THE TRACE REPORT
      GENERATED AFTER PLACE-and-ROUTE.

Clock Information:
------------------
-----------------------------------+------------------------+-------+
Clock Signal                       | Clock buffer(FF name)  | Load  |
-----------------------------------+------------------------+-------+
iCLK                               | BUFGP                  | 32    |
-----------------------------------+------------------------+-------+

Asynchronous Control Signals Information:
----------------------------------------
No asynchronous control signals found in this design

Timing Summary:
---------------
Speed Grade: -2

   Minimum period: No path found
   Minimum input arrival time before clock: 147.502ns
   Maximum output required time after clock: 4.118ns
   Maximum combinational path delay: No path found

Timing Details:
---------------
All values displayed in nanoseconds (ns)

=========================================================================
Timing constraint: Default OFFSET IN BEFORE for Clock 'iCLK'
  Total number of paths / destination ports: 575375628246773660000000000000000000000000000000000 / 32
-------------------------------------------------------------------------
Offset:              147.502ns (Levels of Logic = 434)
  Source:            iB<0> (PAD)
  Destination:       ALUresultReg_0 (FF)
  Destination Clock: iCLK rising

  Data Path: iB<0> to ALUresultReg_0
                                Gate     Net
    Cell:in->out      fanout   Delay   Delay  Logical Name (Net Name)
    ----------------------------------------  ------------
     IBUF:I->O            35   1.328   1.570  iB_0_IBUF (iB_0_IBUF)
     LUT1:I0->O            1   0.254   0.000  Madd_iB[31]_GND_1_o_add_5_OUT_cy<0>_rt (Madd_iB[31]_GND_1_o_add_5_OUT_cy<0>_rt)
     MUXCY:S->O            1   0.215   0.000  Madd_iB[31]_GND_1_o_add_5_OUT_cy<0> (Madd_iB[31]_GND_1_o_add_5_OUT_cy<0>)
     MUXCY:CI->O           1   0.023   0.000  Madd_iB[31]_GND_1_o_add_5_OUT_cy<1> (Madd_iB[31]_GND_1_o_add_5_OUT_cy<1>)
     MUXCY:CI->O           1   0.023   0.000  Madd_iB[31]_GND_1_o_add_5_OUT_cy<2> (Madd_iB[31]_GND_1_o_add_5_OUT_cy<2>)
     MUXCY:CI->O           1   0.023   0.000  Madd_iB[31]_GND_1_o_add_5_OUT_cy<3> (Madd_iB[31]_GND_1_o_add_5_OUT_cy<3>)
     XORCY:CI->O          27   0.206   1.436  Madd_iB[31]_GND_1_o_add_5_OUT_xor<4> (iB[31]_GND_1_o_add_5_OUT<4>)
     LUT3:I2->O           64   0.254   2.360  Mmux_tmpB271 (tmpB<4>)
     LUT5:I0->O            1   0.254   0.000  tmpA[31]_tmpB[31]_div_9/Mcompar_o<31>_lut<1> (tmpA[31]_tmpB[31]_div_9/Mcompar_o<31>_lut<1>)
     MUXCY:S->O            1   0.215   0.000  tmpA[31]_tmpB[31]_div_9/Mcompar_o<31>_cy<1> (tmpA[31]_tmpB[31]_div_9/Mcompar_o<31>_cy<1>)
     MUXCY:CI->O           1   0.023   0.000  tmpA[31]_tmpB[31]_div_9/Mcompar_o<31>_cy<2> (tmpA[31]_tmpB[31]_div_9/Mcompar_o<31>_cy<2>)
     MUXCY:CI->O           1   0.023   0.000  tmpA[31]_tmpB[31]_div_9/Mcompar_o<31>_cy<3> (tmpA[31]_tmpB[31]_div_9/Mcompar_o<31>_cy<3>)
     MUXCY:CI->O           1   0.023   0.000  tmpA[31]_tmpB[31]_div_9/Mcompar_o<31>_cy<4> (tmpA[31]_tmpB[31]_div_9/Mcompar_o<31>_cy<4>)
     MUXCY:CI->O           1   0.023   0.000  tmpA[31]_tmpB[31]_div_9/Mcompar_o<31>_cy<5> (tmpA[31]_tmpB[31]_div_9/Mcompar_o<31>_cy<5>)
     MUXCY:CI->O           2   0.235   1.181  tmpA[31]_tmpB[31]_div_9/Mcompar_o<31>_cy<6> (div<31>)
     LUT6:I0->O            3   0.254   1.042  tmpA[31]_tmpB[31]_div_9/Mmux_a[0]_GND_3_o_MUX_318_o1241 (tmpA[31]_tmpB[31]_div_9/a[31]_GND_3_o_MUX_287_o)
     LUT5:I1->O            0   0.254   0.000  tmpA[31]_tmpB[31]_div_9/Mcompar_o<30>_lutdi (tmpA[31]_tmpB[31]_div_9/Mcompar_o<30>_lutdi)
     MUXCY:DI->O           1   0.181   0.000  tmpA[31]_tmpB[31]_div_9/Mcompar_o<30>_cy<0> (tmpA[31]_tmpB[31]_div_9/Mcompar_o<30>_cy<0>)
     MUXCY:CI->O           1   0.023   0.000  tmpA[31]_tmpB[31]_div_9/Mcompar_o<30>_cy<1> (tmpA[31]_tmpB[31]_div_9/Mcompar_o<30>_cy<1>)
     MUXCY:CI->O           1   0.023   0.000  tmpA[31]_tmpB[31]_div_9/Mcompar_o<30>_cy<2> (tmpA[31]_tmpB[31]_div_9/Mcompar_o<30>_cy<2>)
     MUXCY:CI->O           1   0.023   0.000  tmpA[31]_tmpB[31]_div_9/Mcompar_o<30>_cy<3> (tmpA[31]_tmpB[31]_div_9/Mcompar_o<30>_cy<3>)
     MUXCY:CI->O           1   0.023   0.000  tmpA[31]_tmpB[31]_div_9/Mcompar_o<30>_cy<4> (tmpA[31]_tmpB[31]_div_9/Mcompar_o<30>_cy<4>)
     MUXCY:CI->O           1   0.023   0.000  tmpA[31]_tmpB[31]_div_9/Mcompar_o<30>_cy<5> (tmpA[31]_tmpB[31]_div_9/Mcompar_o<30>_cy<5>)
     MUXCY:CI->O           3   0.235   1.196  tmpA[31]_tmpB[31]_div_9/Mcompar_o<30>_cy<6> (div<30>)
     LUT5:I0->O            4   0.254   1.080  tmpA[31]_tmpB[31]_div_9/Mmux_a[0]_GND_3_o_MUX_442_o1231 (tmpA[31]_tmpB[31]_div_9/a[30]_GND_3_o_MUX_412_o)
     LUT4:I0->O            0   0.254   0.000  tmpA[31]_tmpB[31]_div_9/Mcompar_o<29>_lutdi (tmpA[31]_tmpB[31]_div_9/Mcompar_o<29>_lutdi)
     MUXCY:DI->O           1   0.181   0.000  tmpA[31]_tmpB[31]_div_9/Mcompar_o<29>_cy<0> (tmpA[31]_tmpB[31]_div_9/Mcompar_o<29>_cy<0>)
     MUXCY:CI->O           1   0.023   0.000  tmpA[31]_tmpB[31]_div_9/Mcompar_o<29>_cy<1> (tmpA[31]_tmpB[31]_div_9/Mcompar_o<29>_cy<1>)
     MUXCY:CI->O           1   0.023   0.000  tmpA[31]_tmpB[31]_div_9/Mcompar_o<29>_cy<2> (tmpA[31]_tmpB[31]_div_9/Mcompar_o<29>_cy<2>)
     MUXCY:CI->O           1   0.023   0.000  tmpA[31]_tmpB[31]_div_9/Mcompar_o<29>_cy<3> (tmpA[31]_tmpB[31]_div_9/Mcompar_o<29>_cy<3>)
     MUXCY:CI->O           1   0.023   0.000  tmpA[31]_tmpB[31]_div_9/Mcompar_o<29>_cy<4> (tmpA[31]_tmpB[31]_div_9/Mcompar_o<29>_cy<4>)
     MUXCY:CI->O           1   0.023   0.000  tmpA[31]_tmpB[31]_div_9/Mcompar_o<29>_cy<5> (tmpA[31]_tmpB[31]_div_9/Mcompar_o<29>_cy<5>)
     MUXCY:CI->O           1   0.023   0.000  tmpA[31]_tmpB[31]_div_9/Mcompar_o<29>_cy<6> (tmpA[31]_tmpB[31]_div_9/Mcompar_o<29>_cy<6>)
     MUXCY:CI->O           4   0.235   1.234  tmpA[31]_tmpB[31]_div_9/Mcompar_o<29>_cy<7> (div<29>)
     LUT5:I0->O            5   0.254   1.117  tmpA[31]_tmpB[31]_div_9/Mmux_a[0]_GND_3_o_MUX_564_o1211 (tmpA[31]_tmpB[31]_div_9/a[29]_GND_3_o_MUX_535_o)
     LUT4:I0->O            0   0.254   0.000  tmpA[31]_tmpB[31]_div_9/Mcompar_o<28>_lutdi (tmpA[31]_tmpB[31]_div_9/Mcompar_o<28>_lutdi)
     MUXCY:DI->O           1   0.181   0.000  tmpA[31]_tmpB[31]_div_9/Mcompar_o<28>_cy<0> (tmpA[31]_tmpB[31]_div_9/Mcompar_o<28>_cy<0>)
     MUXCY:CI->O           1   0.023   0.000  tmpA[31]_tmpB[31]_div_9/Mcompar_o<28>_cy<1> (tmpA[31]_tmpB[31]_div_9/Mcompar_o<28>_cy<1>)
     MUXCY:CI->O           1   0.023   0.000  tmpA[31]_tmpB[31]_div_9/Mcompar_o<28>_cy<2> (tmpA[31]_tmpB[31]_div_9/Mcompar_o<28>_cy<2>)
     MUXCY:CI->O           1   0.023   0.000  tmpA[31]_tmpB[31]_div_9/Mcompar_o<28>_cy<3> (tmpA[31]_tmpB[31]_div_9/Mcompar_o<28>_cy<3>)
     MUXCY:CI->O           1   0.023   0.000  tmpA[31]_tmpB[31]_div_9/Mcompar_o<28>_cy<4> (tmpA[31]_tmpB[31]_div_9/Mcompar_o<28>_cy<4>)
     MUXCY:CI->O           1   0.023   0.000  tmpA[31]_tmpB[31]_div_9/Mcompar_o<28>_cy<5> (tmpA[31]_tmpB[31]_div_9/Mcompar_o<28>_cy<5>)
     MUXCY:CI->O           1   0.023   0.000  tmpA[31]_tmpB[31]_div_9/Mcompar_o<28>_cy<6> (tmpA[31]_tmpB[31]_div_9/Mcompar_o<28>_cy<6>)
     MUXCY:CI->O           5   0.235   1.271  tmpA[31]_tmpB[31]_div_9/Mcompar_o<28>_cy<7> (div<28>)
     LUT5:I0->O            5   0.254   1.271  tmpA[31]_tmpB[31]_div_9/Mmux_a[0]_GND_3_o_MUX_684_o1201 (tmpA[31]_tmpB[31]_div_9/a[28]_GND_3_o_MUX_656_o)
     LUT5:I0->O            2   0.254   0.726  tmpA[31]_tmpB[31]_div_9/Madd_GND_3_o_b[31]_add_11_OUT_Madd_Madd_cy<28>11 (tmpA[31]_tmpB[31]_div_9/Madd_GND_3_o_b[31]_add_11_OUT_Madd_Madd_cy<28>)
     LUT5:I4->O            2   0.254   1.002  tmpA[31]_tmpB[31]_div_9/Madd_GND_3_o_b[31]_add_11_OUT_Madd_Madd_cy<30>11 (tmpA[31]_tmpB[31]_div_9/Madd_GND_3_o_b[31]_add_11_OUT_Madd_Madd_cy<30>)
     LUT6:I2->O            6   0.254   1.152  tmpA[31]_tmpB[31]_div_9/Mmux_a[0]_GND_3_o_MUX_802_o1241 (tmpA[31]_tmpB[31]_div_9/a[31]_GND_3_o_MUX_771_o)
     LUT5:I1->O            0   0.254   0.000  tmpA[31]_tmpB[31]_div_9/Mcompar_o<26>_lutdi2 (tmpA[31]_tmpB[31]_div_9/Mcompar_o<26>_lutdi2)
     MUXCY:DI->O           1   0.181   0.000  tmpA[31]_tmpB[31]_div_9/Mcompar_o<26>_cy<2> (tmpA[31]_tmpB[31]_div_9/Mcompar_o<26>_cy<2>)
     MUXCY:CI->O           1   0.023   0.000  tmpA[31]_tmpB[31]_div_9/Mcompar_o<26>_cy<3> (tmpA[31]_tmpB[31]_div_9/Mcompar_o<26>_cy<3>)
     MUXCY:CI->O           1   0.023   0.000  tmpA[31]_tmpB[31]_div_9/Mcompar_o<26>_cy<4> (tmpA[31]_tmpB[31]_div_9/Mcompar_o<26>_cy<4>)
     MUXCY:CI->O           1   0.023   0.000  tmpA[31]_tmpB[31]_div_9/Mcompar_o<26>_cy<5> (tmpA[31]_tmpB[31]_div_9/Mcompar_o<26>_cy<5>)
     MUXCY:CI->O           1   0.023   0.000  tmpA[31]_tmpB[31]_div_9/Mcompar_o<26>_cy<6> (tmpA[31]_tmpB[31]_div_9/Mcompar_o<26>_cy<6>)
     MUXCY:CI->O          25   0.235   1.833  tmpA[31]_tmpB[31]_div_9/Mcompar_o<26>_cy<7> (div<26>)
     LUT5:I0->O            2   0.254   1.002  tmpA[31]_tmpB[31]_div_9/Mmux_a[0]_GND_3_o_MUX_918_o1181 (tmpA[31]_tmpB[31]_div_9/a[26]_GND_3_o_MUX_892_o)
     LUT4:I0->O            0   0.254   0.000  tmpA[31]_tmpB[31]_div_9/Mcompar_o<25>_lutdi (tmpA[31]_tmpB[31]_div_9/Mcompar_o<25>_lutdi)
     MUXCY:DI->O           1   0.181   0.000  tmpA[31]_tmpB[31]_div_9/Mcompar_o<25>_cy<0> (tmpA[31]_tmpB[31]_div_9/Mcompar_o<25>_cy<0>)
     MUXCY:CI->O           1   0.023   0.000  tmpA[31]_tmpB[31]_div_9/Mcompar_o<25>_cy<1> (tmpA[31]_tmpB[31]_div_9/Mcompar_o<25>_cy<1>)
     MUXCY:CI->O           1   0.023   0.000  tmpA[31]_tmpB[31]_div_9/Mcompar_o<25>_cy<2> (tmpA[31]_tmpB[31]_div_9/Mcompar_o<25>_cy<2>)
     MUXCY:CI->O           1   0.023   0.000  tmpA[31]_tmpB[31]_div_9/Mcompar_o<25>_cy<3> (tmpA[31]_tmpB[31]_div_9/Mcompar_o<25>_cy<3>)
     MUXCY:CI->O           1   0.023   0.000  tmpA[31]_tmpB[31]_div_9/Mcompar_o<25>_cy<4> (tmpA[31]_tmpB[31]_div_9/Mcompar_o<25>_cy<4>)
     MUXCY:CI->O           1   0.023   0.000  tmpA[31]_tmpB[31]_div_9/Mcompar_o<25>_cy<5> (tmpA[31]_tmpB[31]_div_9/Mcompar_o<25>_cy<5>)
     MUXCY:CI->O           1   0.023   0.000  tmpA[31]_tmpB[31]_div_9/Mcompar_o<25>_cy<6> (tmpA[31]_tmpB[31]_div_9/Mcompar_o<25>_cy<6>)
     MUXCY:CI->O           1   0.023   0.000  tmpA[31]_tmpB[31]_div_9/Mcompar_o<25>_cy<7> (tmpA[31]_tmpB[31]_div_9/Mcompar_o<25>_cy<7>)
     MUXCY:CI->O          15   0.235   1.585  tmpA[31]_tmpB[31]_div_9/Mcompar_o<25>_cy<8> (div<25>)
     LUT5:I0->O            6   0.254   1.152  tmpA[31]_tmpB[31]_div_9/Mmux_a[0]_GND_3_o_MUX_1032_o1171 (tmpA[31]_tmpB[31]_div_9/a[25]_GND_3_o_MUX_1007_o)
     LUT4:I0->O            0   0.254   0.000  tmpA[31]_tmpB[31]_div_9/Mcompar_o<24>_lutdi (tmpA[31]_tmpB[31]_div_9/Mcompar_o<24>_lutdi)
     MUXCY:DI->O           1   0.181   0.000  tmpA[31]_tmpB[31]_div_9/Mcompar_o<24>_cy<0> (tmpA[31]_tmpB[31]_div_9/Mcompar_o<24>_cy<0>)
     MUXCY:CI->O           1   0.023   0.000  tmpA[31]_tmpB[31]_div_9/Mcompar_o<24>_cy<1> (tmpA[31]_tmpB[31]_div_9/Mcompar_o<24>_cy<1>)
     MUXCY:CI->O           1   0.023   0.000  tmpA[31]_tmpB[31]_div_9/Mcompar_o<24>_cy<2> (tmpA[31]_tmpB[31]_div_9/Mcompar_o<24>_cy<2>)
     MUXCY:CI->O           1   0.023   0.000  tmpA[31]_tmpB[31]_div_9/Mcompar_o<24>_cy<3> (tmpA[31]_tmpB[31]_div_9/Mcompar_o<24>_cy<3>)
     MUXCY:CI->O           1   0.023   0.000  tmpA[31]_tmpB[31]_div_9/Mcompar_o<24>_cy<4> (tmpA[31]_tmpB[31]_div_9/Mcompar_o<24>_cy<4>)
     MUXCY:CI->O           1   0.023   0.000  tmpA[31]_tmpB[31]_div_9/Mcompar_o<24>_cy<5> (tmpA[31]_tmpB[31]_div_9/Mcompar_o<24>_cy<5>)
     MUXCY:CI->O           1   0.023   0.000  tmpA[31]_tmpB[31]_div_9/Mcompar_o<24>_cy<6> (tmpA[31]_tmpB[31]_div_9/Mcompar_o<24>_cy<6>)
     MUXCY:CI->O           1   0.023   0.000  tmpA[31]_tmpB[31]_div_9/Mcompar_o<24>_cy<7> (tmpA[31]_tmpB[31]_div_9/Mcompar_o<24>_cy<7>)
     MUXCY:CI->O          31   0.235   1.933  tmpA[31]_tmpB[31]_div_9/Mcompar_o<24>_cy<8> (div<24>)
     LUT5:I0->O            6   0.254   1.152  tmpA[31]_tmpB[31]_div_9/Mmux_a[0]_GND_3_o_MUX_1144_o1161 (tmpA[31]_tmpB[31]_div_9/a[24]_GND_3_o_MUX_1120_o)
     LUT4:I0->O            0   0.254   0.000  tmpA[31]_tmpB[31]_div_9/Mcompar_o<23>_lutdi (tmpA[31]_tmpB[31]_div_9/Mcompar_o<23>_lutdi)
     MUXCY:DI->O           1   0.181   0.000  tmpA[31]_tmpB[31]_div_9/Mcompar_o<23>_cy<0> (tmpA[31]_tmpB[31]_div_9/Mcompar_o<23>_cy<0>)
     MUXCY:CI->O           1   0.023   0.000  tmpA[31]_tmpB[31]_div_9/Mcompar_o<23>_cy<1> (tmpA[31]_tmpB[31]_div_9/Mcompar_o<23>_cy<1>)
     MUXCY:CI->O           1   0.023   0.000  tmpA[31]_tmpB[31]_div_9/Mcompar_o<23>_cy<2> (tmpA[31]_tmpB[31]_div_9/Mcompar_o<23>_cy<2>)
     MUXCY:CI->O           1   0.023   0.000  tmpA[31]_tmpB[31]_div_9/Mcompar_o<23>_cy<3> (tmpA[31]_tmpB[31]_div_9/Mcompar_o<23>_cy<3>)
     MUXCY:CI->O           1   0.023   0.000  tmpA[31]_tmpB[31]_div_9/Mcompar_o<23>_cy<4> (tmpA[31]_tmpB[31]_div_9/Mcompar_o<23>_cy<4>)
     MUXCY:CI->O           1   0.023   0.000  tmpA[31]_tmpB[31]_div_9/Mcompar_o<23>_cy<5> (tmpA[31]_tmpB[31]_div_9/Mcompar_o<23>_cy<5>)
     MUXCY:CI->O           1   0.023   0.000  tmpA[31]_tmpB[31]_div_9/Mcompar_o<23>_cy<6> (tmpA[31]_tmpB[31]_div_9/Mcompar_o<23>_cy<6>)
     MUXCY:CI->O           1   0.023   0.000  tmpA[31]_tmpB[31]_div_9/Mcompar_o<23>_cy<7> (tmpA[31]_tmpB[31]_div_9/Mcompar_o<23>_cy<7>)
     MUXCY:CI->O          21   0.235   1.740  tmpA[31]_tmpB[31]_div_9/Mcompar_o<23>_cy<8> (div<23>)
     LUT5:I0->O            6   0.254   1.152  tmpA[31]_tmpB[31]_div_9/Mmux_a[0]_GND_3_o_MUX_1254_o1151 (tmpA[31]_tmpB[31]_div_9/a[23]_GND_3_o_MUX_1231_o)
     LUT4:I0->O            0   0.254   0.000  tmpA[31]_tmpB[31]_div_9/Mcompar_o<22>_lutdi (tmpA[31]_tmpB[31]_div_9/Mcompar_o<22>_lutdi)
     MUXCY:DI->O           1   0.181   0.000  tmpA[31]_tmpB[31]_div_9/Mcompar_o<22>_cy<0> (tmpA[31]_tmpB[31]_div_9/Mcompar_o<22>_cy<0>)
     MUXCY:CI->O           1   0.023   0.000  tmpA[31]_tmpB[31]_div_9/Mcompar_o<22>_cy<1> (tmpA[31]_tmpB[31]_div_9/Mcompar_o<22>_cy<1>)
     MUXCY:CI->O           1   0.023   0.000  tmpA[31]_tmpB[31]_div_9/Mcompar_o<22>_cy<2> (tmpA[31]_tmpB[31]_div_9/Mcompar_o<22>_cy<2>)
     MUXCY:CI->O           1   0.023   0.000  tmpA[31]_tmpB[31]_div_9/Mcompar_o<22>_cy<3> (tmpA[31]_tmpB[31]_div_9/Mcompar_o<22>_cy<3>)
     MUXCY:CI->O           1   0.023   0.000  tmpA[31]_tmpB[31]_div_9/Mcompar_o<22>_cy<4> (tmpA[31]_tmpB[31]_div_9/Mcompar_o<22>_cy<4>)
     MUXCY:CI->O           1   0.023   0.000  tmpA[31]_tmpB[31]_div_9/Mcompar_o<22>_cy<5> (tmpA[31]_tmpB[31]_div_9/Mcompar_o<22>_cy<5>)
     MUXCY:CI->O           1   0.023   0.000  tmpA[31]_tmpB[31]_div_9/Mcompar_o<22>_cy<6> (tmpA[31]_tmpB[31]_div_9/Mcompar_o<22>_cy<6>)
     MUXCY:CI->O           1   0.023   0.000  tmpA[31]_tmpB[31]_div_9/Mcompar_o<22>_cy<7> (tmpA[31]_tmpB[31]_div_9/Mcompar_o<22>_cy<7>)
     MUXCY:CI->O           1   0.023   0.000  tmpA[31]_tmpB[31]_div_9/Mcompar_o<22>_cy<8> (tmpA[31]_tmpB[31]_div_9/Mcompar_o<22>_cy<8>)
     MUXCY:CI->O          37   0.235   2.034  tmpA[31]_tmpB[31]_div_9/Mcompar_o<22>_cy<9> (div<22>)
     LUT5:I0->O            6   0.254   1.152  tmpA[31]_tmpB[31]_div_9/Mmux_a[0]_GND_3_o_MUX_1362_o1141 (tmpA[31]_tmpB[31]_div_9/a[22]_GND_3_o_MUX_1340_o)
     LUT4:I0->O            0   0.254   0.000  tmpA[31]_tmpB[31]_div_9/Mcompar_o<21>_lutdi (tmpA[31]_tmpB[31]_div_9/Mcompar_o<21>_lutdi)
     MUXCY:DI->O           1   0.181   0.000  tmpA[31]_tmpB[31]_div_9/Mcompar_o<21>_cy<0> (tmpA[31]_tmpB[31]_div_9/Mcompar_o<21>_cy<0>)
     MUXCY:CI->O           1   0.023   0.000  tmpA[31]_tmpB[31]_div_9/Mcompar_o<21>_cy<1> (tmpA[31]_tmpB[31]_div_9/Mcompar_o<21>_cy<1>)
     MUXCY:CI->O           1   0.023   0.000  tmpA[31]_tmpB[31]_div_9/Mcompar_o<21>_cy<2> (tmpA[31]_tmpB[31]_div_9/Mcompar_o<21>_cy<2>)
     MUXCY:CI->O           1   0.023   0.000  tmpA[31]_tmpB[31]_div_9/Mcompar_o<21>_cy<3> (tmpA[31]_tmpB[31]_div_9/Mcompar_o<21>_cy<3>)
     MUXCY:CI->O           1   0.023   0.000  tmpA[31]_tmpB[31]_div_9/Mcompar_o<21>_cy<4> (tmpA[31]_tmpB[31]_div_9/Mcompar_o<21>_cy<4>)
     MUXCY:CI->O           1   0.023   0.000  tmpA[31]_tmpB[31]_div_9/Mcompar_o<21>_cy<5> (tmpA[31]_tmpB[31]_div_9/Mcompar_o<21>_cy<5>)
     MUXCY:CI->O           1   0.023   0.000  tmpA[31]_tmpB[31]_div_9/Mcompar_o<21>_cy<6> (tmpA[31]_tmpB[31]_div_9/Mcompar_o<21>_cy<6>)
     MUXCY:CI->O           1   0.023   0.000  tmpA[31]_tmpB[31]_div_9/Mcompar_o<21>_cy<7> (tmpA[31]_tmpB[31]_div_9/Mcompar_o<21>_cy<7>)
     MUXCY:CI->O           1   0.023   0.000  tmpA[31]_tmpB[31]_div_9/Mcompar_o<21>_cy<8> (tmpA[31]_tmpB[31]_div_9/Mcompar_o<21>_cy<8>)
     MUXCY:CI->O          27   0.235   1.866  tmpA[31]_tmpB[31]_div_9/Mcompar_o<21>_cy<9> (div<21>)
     LUT5:I0->O            6   0.254   1.152  tmpA[31]_tmpB[31]_div_9/Mmux_a[0]_GND_3_o_MUX_1468_o1131 (tmpA[31]_tmpB[31]_div_9/a[21]_GND_3_o_MUX_1447_o)
     LUT4:I0->O            0   0.254   0.000  tmpA[31]_tmpB[31]_div_9/Mcompar_o<20>_lutdi (tmpA[31]_tmpB[31]_div_9/Mcompar_o<20>_lutdi)
     MUXCY:DI->O           1   0.181   0.000  tmpA[31]_tmpB[31]_div_9/Mcompar_o<20>_cy<0> (tmpA[31]_tmpB[31]_div_9/Mcompar_o<20>_cy<0>)
     MUXCY:CI->O           1   0.023   0.000  tmpA[31]_tmpB[31]_div_9/Mcompar_o<20>_cy<1> (tmpA[31]_tmpB[31]_div_9/Mcompar_o<20>_cy<1>)
     MUXCY:CI->O           1   0.023   0.000  tmpA[31]_tmpB[31]_div_9/Mcompar_o<20>_cy<2> (tmpA[31]_tmpB[31]_div_9/Mcompar_o<20>_cy<2>)
     MUXCY:CI->O           1   0.023   0.000  tmpA[31]_tmpB[31]_div_9/Mcompar_o<20>_cy<3> (tmpA[31]_tmpB[31]_div_9/Mcompar_o<20>_cy<3>)
     MUXCY:CI->O           1   0.023   0.000  tmpA[31]_tmpB[31]_div_9/Mcompar_o<20>_cy<4> (tmpA[31]_tmpB[31]_div_9/Mcompar_o<20>_cy<4>)
     MUXCY:CI->O           1   0.023   0.000  tmpA[31]_tmpB[31]_div_9/Mcompar_o<20>_cy<5> (tmpA[31]_tmpB[31]_div_9/Mcompar_o<20>_cy<5>)
     MUXCY:CI->O           1   0.023   0.000  tmpA[31]_tmpB[31]_div_9/Mcompar_o<20>_cy<6> (tmpA[31]_tmpB[31]_div_9/Mcompar_o<20>_cy<6>)
     MUXCY:CI->O           1   0.023   0.000  tmpA[31]_tmpB[31]_div_9/Mcompar_o<20>_cy<7> (tmpA[31]_tmpB[31]_div_9/Mcompar_o<20>_cy<7>)
     MUXCY:CI->O           1   0.023   0.000  tmpA[31]_tmpB[31]_div_9/Mcompar_o<20>_cy<8> (tmpA[31]_tmpB[31]_div_9/Mcompar_o<20>_cy<8>)
     MUXCY:CI->O          43   0.235   2.134  tmpA[31]_tmpB[31]_div_9/Mcompar_o<20>_cy<9> (div<20>)
     LUT5:I0->O            6   0.254   1.152  tmpA[31]_tmpB[31]_div_9/Mmux_a[0]_GND_3_o_MUX_1572_o1121 (tmpA[31]_tmpB[31]_div_9/a[20]_GND_3_o_MUX_1552_o)
     LUT4:I0->O            0   0.254   0.000  tmpA[31]_tmpB[31]_div_9/Mcompar_o<19>_lutdi (tmpA[31]_tmpB[31]_div_9/Mcompar_o<19>_lutdi)
     MUXCY:DI->O           1   0.181   0.000  tmpA[31]_tmpB[31]_div_9/Mcompar_o<19>_cy<0> (tmpA[31]_tmpB[31]_div_9/Mcompar_o<19>_cy<0>)
     MUXCY:CI->O           1   0.023   0.000  tmpA[31]_tmpB[31]_div_9/Mcompar_o<19>_cy<1> (tmpA[31]_tmpB[31]_div_9/Mcompar_o<19>_cy<1>)
     MUXCY:CI->O           1   0.023   0.000  tmpA[31]_tmpB[31]_div_9/Mcompar_o<19>_cy<2> (tmpA[31]_tmpB[31]_div_9/Mcompar_o<19>_cy<2>)
     MUXCY:CI->O           1   0.023   0.000  tmpA[31]_tmpB[31]_div_9/Mcompar_o<19>_cy<3> (tmpA[31]_tmpB[31]_div_9/Mcompar_o<19>_cy<3>)
     MUXCY:CI->O           1   0.023   0.000  tmpA[31]_tmpB[31]_div_9/Mcompar_o<19>_cy<4> (tmpA[31]_tmpB[31]_div_9/Mcompar_o<19>_cy<4>)
     MUXCY:CI->O           1   0.023   0.000  tmpA[31]_tmpB[31]_div_9/Mcompar_o<19>_cy<5> (tmpA[31]_tmpB[31]_div_9/Mcompar_o<19>_cy<5>)
     MUXCY:CI->O           1   0.023   0.000  tmpA[31]_tmpB[31]_div_9/Mcompar_o<19>_cy<6> (tmpA[31]_tmpB[31]_div_9/Mcompar_o<19>_cy<6>)
     MUXCY:CI->O           1   0.023   0.000  tmpA[31]_tmpB[31]_div_9/Mcompar_o<19>_cy<7> (tmpA[31]_tmpB[31]_div_9/Mcompar_o<19>_cy<7>)
     MUXCY:CI->O           1   0.023   0.000  tmpA[31]_tmpB[31]_div_9/Mcompar_o<19>_cy<8> (tmpA[31]_tmpB[31]_div_9/Mcompar_o<19>_cy<8>)
     MUXCY:CI->O           1   0.023   0.000  tmpA[31]_tmpB[31]_div_9/Mcompar_o<19>_cy<9> (tmpA[31]_tmpB[31]_div_9/Mcompar_o<19>_cy<9>)
     MUXCY:CI->O          33   0.235   1.967  tmpA[31]_tmpB[31]_div_9/Mcompar_o<19>_cy<10> (div<19>)
     LUT5:I0->O            6   0.254   1.152  tmpA[31]_tmpB[31]_div_9/Mmux_a[0]_GND_3_o_MUX_1674_o1101 (tmpA[31]_tmpB[31]_div_9/a[19]_GND_3_o_MUX_1655_o)
     LUT4:I0->O            0   0.254   0.000  tmpA[31]_tmpB[31]_div_9/Mcompar_o<18>_lutdi (tmpA[31]_tmpB[31]_div_9/Mcompar_o<18>_lutdi)
     MUXCY:DI->O           1   0.181   0.000  tmpA[31]_tmpB[31]_div_9/Mcompar_o<18>_cy<0> (tmpA[31]_tmpB[31]_div_9/Mcompar_o<18>_cy<0>)
     MUXCY:CI->O           1   0.023   0.000  tmpA[31]_tmpB[31]_div_9/Mcompar_o<18>_cy<1> (tmpA[31]_tmpB[31]_div_9/Mcompar_o<18>_cy<1>)
     MUXCY:CI->O           1   0.023   0.000  tmpA[31]_tmpB[31]_div_9/Mcompar_o<18>_cy<2> (tmpA[31]_tmpB[31]_div_9/Mcompar_o<18>_cy<2>)
     MUXCY:CI->O           1   0.023   0.000  tmpA[31]_tmpB[31]_div_9/Mcompar_o<18>_cy<3> (tmpA[31]_tmpB[31]_div_9/Mcompar_o<18>_cy<3>)
     MUXCY:CI->O           1   0.023   0.000  tmpA[31]_tmpB[31]_div_9/Mcompar_o<18>_cy<4> (tmpA[31]_tmpB[31]_div_9/Mcompar_o<18>_cy<4>)
     MUXCY:CI->O           1   0.023   0.000  tmpA[31]_tmpB[31]_div_9/Mcompar_o<18>_cy<5> (tmpA[31]_tmpB[31]_div_9/Mcompar_o<18>_cy<5>)
     MUXCY:CI->O           1   0.023   0.000  tmpA[31]_tmpB[31]_div_9/Mcompar_o<18>_cy<6> (tmpA[31]_tmpB[31]_div_9/Mcompar_o<18>_cy<6>)
     MUXCY:CI->O           1   0.023   0.000  tmpA[31]_tmpB[31]_div_9/Mcompar_o<18>_cy<7> (tmpA[31]_tmpB[31]_div_9/Mcompar_o<18>_cy<7>)
     MUXCY:CI->O           1   0.023   0.000  tmpA[31]_tmpB[31]_div_9/Mcompar_o<18>_cy<8> (tmpA[31]_tmpB[31]_div_9/Mcompar_o<18>_cy<8>)
     MUXCY:CI->O           1   0.023   0.000  tmpA[31]_tmpB[31]_div_9/Mcompar_o<18>_cy<9> (tmpA[31]_tmpB[31]_div_9/Mcompar_o<18>_cy<9>)
     MUXCY:CI->O          49   0.235   2.234  tmpA[31]_tmpB[31]_div_9/Mcompar_o<18>_cy<10> (div<18>)
     LUT5:I0->O            6   0.254   1.152  tmpA[31]_tmpB[31]_div_9/Mmux_a[0]_GND_3_o_MUX_1774_o191 (tmpA[31]_tmpB[31]_div_9/a[18]_GND_3_o_MUX_1756_o)
     LUT4:I0->O            0   0.254   0.000  tmpA[31]_tmpB[31]_div_9/Mcompar_o<17>_lutdi (tmpA[31]_tmpB[31]_div_9/Mcompar_o<17>_lutdi)
     MUXCY:DI->O           1   0.181   0.000  tmpA[31]_tmpB[31]_div_9/Mcompar_o<17>_cy<0> (tmpA[31]_tmpB[31]_div_9/Mcompar_o<17>_cy<0>)
     MUXCY:CI->O           1   0.023   0.000  tmpA[31]_tmpB[31]_div_9/Mcompar_o<17>_cy<1> (tmpA[31]_tmpB[31]_div_9/Mcompar_o<17>_cy<1>)
     MUXCY:CI->O           1   0.023   0.000  tmpA[31]_tmpB[31]_div_9/Mcompar_o<17>_cy<2> (tmpA[31]_tmpB[31]_div_9/Mcompar_o<17>_cy<2>)
     MUXCY:CI->O           1   0.023   0.000  tmpA[31]_tmpB[31]_div_9/Mcompar_o<17>_cy<3> (tmpA[31]_tmpB[31]_div_9/Mcompar_o<17>_cy<3>)
     MUXCY:CI->O           1   0.023   0.000  tmpA[31]_tmpB[31]_div_9/Mcompar_o<17>_cy<4> (tmpA[31]_tmpB[31]_div_9/Mcompar_o<17>_cy<4>)
     MUXCY:CI->O           1   0.023   0.000  tmpA[31]_tmpB[31]_div_9/Mcompar_o<17>_cy<5> (tmpA[31]_tmpB[31]_div_9/Mcompar_o<17>_cy<5>)
     MUXCY:CI->O           1   0.023   0.000  tmpA[31]_tmpB[31]_div_9/Mcompar_o<17>_cy<6> (tmpA[31]_tmpB[31]_div_9/Mcompar_o<17>_cy<6>)
     MUXCY:CI->O           1   0.023   0.000  tmpA[31]_tmpB[31]_div_9/Mcompar_o<17>_cy<7> (tmpA[31]_tmpB[31]_div_9/Mcompar_o<17>_cy<7>)
     MUXCY:CI->O           1   0.023   0.000  tmpA[31]_tmpB[31]_div_9/Mcompar_o<17>_cy<8> (tmpA[31]_tmpB[31]_div_9/Mcompar_o<17>_cy<8>)
     MUXCY:CI->O           1   0.023   0.000  tmpA[31]_tmpB[31]_div_9/Mcompar_o<17>_cy<9> (tmpA[31]_tmpB[31]_div_9/Mcompar_o<17>_cy<9>)
     MUXCY:CI->O          39   0.235   2.067  tmpA[31]_tmpB[31]_div_9/Mcompar_o<17>_cy<10> (div<17>)
     LUT5:I0->O            6   0.254   1.152  tmpA[31]_tmpB[31]_div_9/Mmux_a[0]_GND_3_o_MUX_1872_o181 (tmpA[31]_tmpB[31]_div_9/a[17]_GND_3_o_MUX_1855_o)
     LUT4:I0->O            0   0.254   0.000  tmpA[31]_tmpB[31]_div_9/Mcompar_o<16>_lutdi (tmpA[31]_tmpB[31]_div_9/Mcompar_o<16>_lutdi)
     MUXCY:DI->O           1   0.181   0.000  tmpA[31]_tmpB[31]_div_9/Mcompar_o<16>_cy<0> (tmpA[31]_tmpB[31]_div_9/Mcompar_o<16>_cy<0>)
     MUXCY:CI->O           1   0.023   0.000  tmpA[31]_tmpB[31]_div_9/Mcompar_o<16>_cy<1> (tmpA[31]_tmpB[31]_div_9/Mcompar_o<16>_cy<1>)
     MUXCY:CI->O           1   0.023   0.000  tmpA[31]_tmpB[31]_div_9/Mcompar_o<16>_cy<2> (tmpA[31]_tmpB[31]_div_9/Mcompar_o<16>_cy<2>)
     MUXCY:CI->O           1   0.023   0.000  tmpA[31]_tmpB[31]_div_9/Mcompar_o<16>_cy<3> (tmpA[31]_tmpB[31]_div_9/Mcompar_o<16>_cy<3>)
     MUXCY:CI->O           1   0.023   0.000  tmpA[31]_tmpB[31]_div_9/Mcompar_o<16>_cy<4> (tmpA[31]_tmpB[31]_div_9/Mcompar_o<16>_cy<4>)
     MUXCY:CI->O           1   0.023   0.000  tmpA[31]_tmpB[31]_div_9/Mcompar_o<16>_cy<5> (tmpA[31]_tmpB[31]_div_9/Mcompar_o<16>_cy<5>)
     MUXCY:CI->O           1   0.023   0.000  tmpA[31]_tmpB[31]_div_9/Mcompar_o<16>_cy<6> (tmpA[31]_tmpB[31]_div_9/Mcompar_o<16>_cy<6>)
     MUXCY:CI->O           1   0.023   0.000  tmpA[31]_tmpB[31]_div_9/Mcompar_o<16>_cy<7> (tmpA[31]_tmpB[31]_div_9/Mcompar_o<16>_cy<7>)
     MUXCY:CI->O           1   0.023   0.000  tmpA[31]_tmpB[31]_div_9/Mcompar_o<16>_cy<8> (tmpA[31]_tmpB[31]_div_9/Mcompar_o<16>_cy<8>)
     MUXCY:CI->O           1   0.023   0.000  tmpA[31]_tmpB[31]_div_9/Mcompar_o<16>_cy<9> (tmpA[31]_tmpB[31]_div_9/Mcompar_o<16>_cy<9>)
     MUXCY:CI->O          55   0.235   2.290  tmpA[31]_tmpB[31]_div_9/Mcompar_o<16>_cy<10> (div<16>)
     LUT5:I0->O            6   0.254   1.152  tmpA[31]_tmpB[31]_div_9/Mmux_a[0]_GND_3_o_MUX_1968_o171 (tmpA[31]_tmpB[31]_div_9/a[16]_GND_3_o_MUX_1952_o)
     LUT4:I0->O            0   0.254   0.000  tmpA[31]_tmpB[31]_div_9/Mcompar_o<15>_lutdi (tmpA[31]_tmpB[31]_div_9/Mcompar_o<15>_lutdi)
     MUXCY:DI->O           1   0.181   0.000  tmpA[31]_tmpB[31]_div_9/Mcompar_o<15>_cy<0> (tmpA[31]_tmpB[31]_div_9/Mcompar_o<15>_cy<0>)
     MUXCY:CI->O           1   0.023   0.000  tmpA[31]_tmpB[31]_div_9/Mcompar_o<15>_cy<1> (tmpA[31]_tmpB[31]_div_9/Mcompar_o<15>_cy<1>)
     MUXCY:CI->O           1   0.023   0.000  tmpA[31]_tmpB[31]_div_9/Mcompar_o<15>_cy<2> (tmpA[31]_tmpB[31]_div_9/Mcompar_o<15>_cy<2>)
     MUXCY:CI->O           1   0.023   0.000  tmpA[31]_tmpB[31]_div_9/Mcompar_o<15>_cy<3> (tmpA[31]_tmpB[31]_div_9/Mcompar_o<15>_cy<3>)
     MUXCY:CI->O           1   0.023   0.000  tmpA[31]_tmpB[31]_div_9/Mcompar_o<15>_cy<4> (tmpA[31]_tmpB[31]_div_9/Mcompar_o<15>_cy<4>)
     MUXCY:CI->O           1   0.023   0.000  tmpA[31]_tmpB[31]_div_9/Mcompar_o<15>_cy<5> (tmpA[31]_tmpB[31]_div_9/Mcompar_o<15>_cy<5>)
     MUXCY:CI->O           1   0.023   0.000  tmpA[31]_tmpB[31]_div_9/Mcompar_o<15>_cy<6> (tmpA[31]_tmpB[31]_div_9/Mcompar_o<15>_cy<6>)
     MUXCY:CI->O           1   0.023   0.000  tmpA[31]_tmpB[31]_div_9/Mcompar_o<15>_cy<7> (tmpA[31]_tmpB[31]_div_9/Mcompar_o<15>_cy<7>)
     MUXCY:CI->O           1   0.023   0.000  tmpA[31]_tmpB[31]_div_9/Mcompar_o<15>_cy<8> (tmpA[31]_tmpB[31]_div_9/Mcompar_o<15>_cy<8>)
     MUXCY:CI->O           1   0.023   0.000  tmpA[31]_tmpB[31]_div_9/Mcompar_o<15>_cy<9> (tmpA[31]_tmpB[31]_div_9/Mcompar_o<15>_cy<9>)
     MUXCY:CI->O           1   0.023   0.000  tmpA[31]_tmpB[31]_div_9/Mcompar_o<15>_cy<10> (tmpA[31]_tmpB[31]_div_9/Mcompar_o<15>_cy<10>)
     MUXCY:CI->O          45   0.235   2.167  tmpA[31]_tmpB[31]_div_9/Mcompar_o<15>_cy<11> (div<15>)
     LUT5:I0->O            6   0.254   1.152  tmpA[31]_tmpB[31]_div_9/Mmux_a[0]_GND_3_o_MUX_2062_o161 (tmpA[31]_tmpB[31]_div_9/a[15]_GND_3_o_MUX_2047_o)
     LUT4:I0->O            0   0.254   0.000  tmpA[31]_tmpB[31]_div_9/Mcompar_o<14>_lutdi (tmpA[31]_tmpB[31]_div_9/Mcompar_o<14>_lutdi)
     MUXCY:DI->O           1   0.181   0.000  tmpA[31]_tmpB[31]_div_9/Mcompar_o<14>_cy<0> (tmpA[31]_tmpB[31]_div_9/Mcompar_o<14>_cy<0>)
     MUXCY:CI->O           1   0.023   0.000  tmpA[31]_tmpB[31]_div_9/Mcompar_o<14>_cy<1> (tmpA[31]_tmpB[31]_div_9/Mcompar_o<14>_cy<1>)
     MUXCY:CI->O           1   0.023   0.000  tmpA[31]_tmpB[31]_div_9/Mcompar_o<14>_cy<2> (tmpA[31]_tmpB[31]_div_9/Mcompar_o<14>_cy<2>)
     MUXCY:CI->O           1   0.023   0.000  tmpA[31]_tmpB[31]_div_9/Mcompar_o<14>_cy<3> (tmpA[31]_tmpB[31]_div_9/Mcompar_o<14>_cy<3>)
     MUXCY:CI->O           1   0.023   0.000  tmpA[31]_tmpB[31]_div_9/Mcompar_o<14>_cy<4> (tmpA[31]_tmpB[31]_div_9/Mcompar_o<14>_cy<4>)
     MUXCY:CI->O           1   0.023   0.000  tmpA[31]_tmpB[31]_div_9/Mcompar_o<14>_cy<5> (tmpA[31]_tmpB[31]_div_9/Mcompar_o<14>_cy<5>)
     MUXCY:CI->O           1   0.023   0.000  tmpA[31]_tmpB[31]_div_9/Mcompar_o<14>_cy<6> (tmpA[31]_tmpB[31]_div_9/Mcompar_o<14>_cy<6>)
     MUXCY:CI->O           1   0.023   0.000  tmpA[31]_tmpB[31]_div_9/Mcompar_o<14>_cy<7> (tmpA[31]_tmpB[31]_div_9/Mcompar_o<14>_cy<7>)
     MUXCY:CI->O           1   0.023   0.000  tmpA[31]_tmpB[31]_div_9/Mcompar_o<14>_cy<8> (tmpA[31]_tmpB[31]_div_9/Mcompar_o<14>_cy<8>)
     MUXCY:CI->O           1   0.023   0.000  tmpA[31]_tmpB[31]_div_9/Mcompar_o<14>_cy<9> (tmpA[31]_tmpB[31]_div_9/Mcompar_o<14>_cy<9>)
     MUXCY:CI->O           1   0.023   0.000  tmpA[31]_tmpB[31]_div_9/Mcompar_o<14>_cy<10> (tmpA[31]_tmpB[31]_div_9/Mcompar_o<14>_cy<10>)
     MUXCY:CI->O          61   0.235   2.336  tmpA[31]_tmpB[31]_div_9/Mcompar_o<14>_cy<11> (div<14>)
     LUT5:I0->O            6   0.254   1.152  tmpA[31]_tmpB[31]_div_9/Mmux_a[0]_GND_3_o_MUX_2154_o151 (tmpA[31]_tmpB[31]_div_9/a[14]_GND_3_o_MUX_2140_o)
     LUT4:I0->O            0   0.254   0.000  tmpA[31]_tmpB[31]_div_9/Mcompar_o<13>_lutdi (tmpA[31]_tmpB[31]_div_9/Mcompar_o<13>_lutdi)
     MUXCY:DI->O           1   0.181   0.000  tmpA[31]_tmpB[31]_div_9/Mcompar_o<13>_cy<0> (tmpA[31]_tmpB[31]_div_9/Mcompar_o<13>_cy<0>)
     MUXCY:CI->O           1   0.023   0.000  tmpA[31]_tmpB[31]_div_9/Mcompar_o<13>_cy<1> (tmpA[31]_tmpB[31]_div_9/Mcompar_o<13>_cy<1>)
     MUXCY:CI->O           1   0.023   0.000  tmpA[31]_tmpB[31]_div_9/Mcompar_o<13>_cy<2> (tmpA[31]_tmpB[31]_div_9/Mcompar_o<13>_cy<2>)
     MUXCY:CI->O           1   0.023   0.000  tmpA[31]_tmpB[31]_div_9/Mcompar_o<13>_cy<3> (tmpA[31]_tmpB[31]_div_9/Mcompar_o<13>_cy<3>)
     MUXCY:CI->O           1   0.023   0.000  tmpA[31]_tmpB[31]_div_9/Mcompar_o<13>_cy<4> (tmpA[31]_tmpB[31]_div_9/Mcompar_o<13>_cy<4>)
     MUXCY:CI->O           1   0.023   0.000  tmpA[31]_tmpB[31]_div_9/Mcompar_o<13>_cy<5> (tmpA[31]_tmpB[31]_div_9/Mcompar_o<13>_cy<5>)
     MUXCY:CI->O           1   0.023   0.000  tmpA[31]_tmpB[31]_div_9/Mcompar_o<13>_cy<6> (tmpA[31]_tmpB[31]_div_9/Mcompar_o<13>_cy<6>)
     MUXCY:CI->O           1   0.023   0.000  tmpA[31]_tmpB[31]_div_9/Mcompar_o<13>_cy<7> (tmpA[31]_tmpB[31]_div_9/Mcompar_o<13>_cy<7>)
     MUXCY:CI->O           1   0.023   0.000  tmpA[31]_tmpB[31]_div_9/Mcompar_o<13>_cy<8> (tmpA[31]_tmpB[31]_div_9/Mcompar_o<13>_cy<8>)
     MUXCY:CI->O           1   0.023   0.000  tmpA[31]_tmpB[31]_div_9/Mcompar_o<13>_cy<9> (tmpA[31]_tmpB[31]_div_9/Mcompar_o<13>_cy<9>)
     MUXCY:CI->O           1   0.023   0.000  tmpA[31]_tmpB[31]_div_9/Mcompar_o<13>_cy<10> (tmpA[31]_tmpB[31]_div_9/Mcompar_o<13>_cy<10>)
     MUXCY:CI->O          51   0.235   2.259  tmpA[31]_tmpB[31]_div_9/Mcompar_o<13>_cy<11> (div<13>)
     LUT5:I0->O            6   0.254   1.152  tmpA[31]_tmpB[31]_div_9/Mmux_a[0]_GND_3_o_MUX_2244_o141 (tmpA[31]_tmpB[31]_div_9/a[13]_GND_3_o_MUX_2231_o)
     LUT4:I0->O            0   0.254   0.000  tmpA[31]_tmpB[31]_div_9/Mcompar_o<12>_lutdi (tmpA[31]_tmpB[31]_div_9/Mcompar_o<12>_lutdi)
     MUXCY:DI->O           1   0.181   0.000  tmpA[31]_tmpB[31]_div_9/Mcompar_o<12>_cy<0> (tmpA[31]_tmpB[31]_div_9/Mcompar_o<12>_cy<0>)
     MUXCY:CI->O           1   0.023   0.000  tmpA[31]_tmpB[31]_div_9/Mcompar_o<12>_cy<1> (tmpA[31]_tmpB[31]_div_9/Mcompar_o<12>_cy<1>)
     MUXCY:CI->O           1   0.023   0.000  tmpA[31]_tmpB[31]_div_9/Mcompar_o<12>_cy<2> (tmpA[31]_tmpB[31]_div_9/Mcompar_o<12>_cy<2>)
     MUXCY:CI->O           1   0.023   0.000  tmpA[31]_tmpB[31]_div_9/Mcompar_o<12>_cy<3> (tmpA[31]_tmpB[31]_div_9/Mcompar_o<12>_cy<3>)
     MUXCY:CI->O           1   0.023   0.000  tmpA[31]_tmpB[31]_div_9/Mcompar_o<12>_cy<4> (tmpA[31]_tmpB[31]_div_9/Mcompar_o<12>_cy<4>)
     MUXCY:CI->O           1   0.023   0.000  tmpA[31]_tmpB[31]_div_9/Mcompar_o<12>_cy<5> (tmpA[31]_tmpB[31]_div_9/Mcompar_o<12>_cy<5>)
     MUXCY:CI->O           1   0.023   0.000  tmpA[31]_tmpB[31]_div_9/Mcompar_o<12>_cy<6> (tmpA[31]_tmpB[31]_div_9/Mcompar_o<12>_cy<6>)
     MUXCY:CI->O           1   0.023   0.000  tmpA[31]_tmpB[31]_div_9/Mcompar_o<12>_cy<7> (tmpA[31]_tmpB[31]_div_9/Mcompar_o<12>_cy<7>)
     MUXCY:CI->O           1   0.023   0.000  tmpA[31]_tmpB[31]_div_9/Mcompar_o<12>_cy<8> (tmpA[31]_tmpB[31]_div_9/Mcompar_o<12>_cy<8>)
     MUXCY:CI->O           1   0.023   0.000  tmpA[31]_tmpB[31]_div_9/Mcompar_o<12>_cy<9> (tmpA[31]_tmpB[31]_div_9/Mcompar_o<12>_cy<9>)
     MUXCY:CI->O           1   0.023   0.000  tmpA[31]_tmpB[31]_div_9/Mcompar_o<12>_cy<10> (tmpA[31]_tmpB[31]_div_9/Mcompar_o<12>_cy<10>)
     MUXCY:CI->O           1   0.023   0.000  tmpA[31]_tmpB[31]_div_9/Mcompar_o<12>_cy<11> (tmpA[31]_tmpB[31]_div_9/Mcompar_o<12>_cy<11>)
     MUXCY:CI->O          67   0.235   2.383  tmpA[31]_tmpB[31]_div_9/Mcompar_o<12>_cy<12> (div<12>)
     LUT5:I0->O            6   0.254   1.152  tmpA[31]_tmpB[31]_div_9/Mmux_a[0]_GND_3_o_MUX_2332_o131 (tmpA[31]_tmpB[31]_div_9/a[12]_GND_3_o_MUX_2320_o)
     LUT4:I0->O            0   0.254   0.000  tmpA[31]_tmpB[31]_div_9/Mcompar_o<11>_lutdi (tmpA[31]_tmpB[31]_div_9/Mcompar_o<11>_lutdi)
     MUXCY:DI->O           1   0.181   0.000  tmpA[31]_tmpB[31]_div_9/Mcompar_o<11>_cy<0> (tmpA[31]_tmpB[31]_div_9/Mcompar_o<11>_cy<0>)
     MUXCY:CI->O           1   0.023   0.000  tmpA[31]_tmpB[31]_div_9/Mcompar_o<11>_cy<1> (tmpA[31]_tmpB[31]_div_9/Mcompar_o<11>_cy<1>)
     MUXCY:CI->O           1   0.023   0.000  tmpA[31]_tmpB[31]_div_9/Mcompar_o<11>_cy<2> (tmpA[31]_tmpB[31]_div_9/Mcompar_o<11>_cy<2>)
     MUXCY:CI->O           1   0.023   0.000  tmpA[31]_tmpB[31]_div_9/Mcompar_o<11>_cy<3> (tmpA[31]_tmpB[31]_div_9/Mcompar_o<11>_cy<3>)
     MUXCY:CI->O           1   0.023   0.000  tmpA[31]_tmpB[31]_div_9/Mcompar_o<11>_cy<4> (tmpA[31]_tmpB[31]_div_9/Mcompar_o<11>_cy<4>)
     MUXCY:CI->O           1   0.023   0.000  tmpA[31]_tmpB[31]_div_9/Mcompar_o<11>_cy<5> (tmpA[31]_tmpB[31]_div_9/Mcompar_o<11>_cy<5>)
     MUXCY:CI->O           1   0.023   0.000  tmpA[31]_tmpB[31]_div_9/Mcompar_o<11>_cy<6> (tmpA[31]_tmpB[31]_div_9/Mcompar_o<11>_cy<6>)
     MUXCY:CI->O           1   0.023   0.000  tmpA[31]_tmpB[31]_div_9/Mcompar_o<11>_cy<7> (tmpA[31]_tmpB[31]_div_9/Mcompar_o<11>_cy<7>)
     MUXCY:CI->O           1   0.023   0.000  tmpA[31]_tmpB[31]_div_9/Mcompar_o<11>_cy<8> (tmpA[31]_tmpB[31]_div_9/Mcompar_o<11>_cy<8>)
     MUXCY:CI->O           1   0.023   0.000  tmpA[31]_tmpB[31]_div_9/Mcompar_o<11>_cy<9> (tmpA[31]_tmpB[31]_div_9/Mcompar_o<11>_cy<9>)
     MUXCY:CI->O           1   0.023   0.000  tmpA[31]_tmpB[31]_div_9/Mcompar_o<11>_cy<10> (tmpA[31]_tmpB[31]_div_9/Mcompar_o<11>_cy<10>)
     MUXCY:CI->O           1   0.023   0.000  tmpA[31]_tmpB[31]_div_9/Mcompar_o<11>_cy<11> (tmpA[31]_tmpB[31]_div_9/Mcompar_o<11>_cy<11>)
     MUXCY:CI->O          57   0.235   2.305  tmpA[31]_tmpB[31]_div_9/Mcompar_o<11>_cy<12> (div<11>)
     LUT5:I0->O            6   0.254   1.152  tmpA[31]_tmpB[31]_div_9/Mmux_a[0]_GND_3_o_MUX_2418_o122 (tmpA[31]_tmpB[31]_div_9/a[11]_GND_3_o_MUX_2407_o)
     LUT4:I0->O            0   0.254   0.000  tmpA[31]_tmpB[31]_div_9/Mcompar_o<10>_lutdi (tmpA[31]_tmpB[31]_div_9/Mcompar_o<10>_lutdi)
     MUXCY:DI->O           1   0.181   0.000  tmpA[31]_tmpB[31]_div_9/Mcompar_o<10>_cy<0> (tmpA[31]_tmpB[31]_div_9/Mcompar_o<10>_cy<0>)
     MUXCY:CI->O           1   0.023   0.000  tmpA[31]_tmpB[31]_div_9/Mcompar_o<10>_cy<1> (tmpA[31]_tmpB[31]_div_9/Mcompar_o<10>_cy<1>)
     MUXCY:CI->O           1   0.023   0.000  tmpA[31]_tmpB[31]_div_9/Mcompar_o<10>_cy<2> (tmpA[31]_tmpB[31]_div_9/Mcompar_o<10>_cy<2>)
     MUXCY:CI->O           1   0.023   0.000  tmpA[31]_tmpB[31]_div_9/Mcompar_o<10>_cy<3> (tmpA[31]_tmpB[31]_div_9/Mcompar_o<10>_cy<3>)
     MUXCY:CI->O           1   0.023   0.000  tmpA[31]_tmpB[31]_div_9/Mcompar_o<10>_cy<4> (tmpA[31]_tmpB[31]_div_9/Mcompar_o<10>_cy<4>)
     MUXCY:CI->O           1   0.023   0.000  tmpA[31]_tmpB[31]_div_9/Mcompar_o<10>_cy<5> (tmpA[31]_tmpB[31]_div_9/Mcompar_o<10>_cy<5>)
     MUXCY:CI->O           1   0.023   0.000  tmpA[31]_tmpB[31]_div_9/Mcompar_o<10>_cy<6> (tmpA[31]_tmpB[31]_div_9/Mcompar_o<10>_cy<6>)
     MUXCY:CI->O           1   0.023   0.000  tmpA[31]_tmpB[31]_div_9/Mcompar_o<10>_cy<7> (tmpA[31]_tmpB[31]_div_9/Mcompar_o<10>_cy<7>)
     MUXCY:CI->O           1   0.023   0.000  tmpA[31]_tmpB[31]_div_9/Mcompar_o<10>_cy<8> (tmpA[31]_tmpB[31]_div_9/Mcompar_o<10>_cy<8>)
     MUXCY:CI->O           1   0.023   0.000  tmpA[31]_tmpB[31]_div_9/Mcompar_o<10>_cy<9> (tmpA[31]_tmpB[31]_div_9/Mcompar_o<10>_cy<9>)
     MUXCY:CI->O           1   0.023   0.000  tmpA[31]_tmpB[31]_div_9/Mcompar_o<10>_cy<10> (tmpA[31]_tmpB[31]_div_9/Mcompar_o<10>_cy<10>)
     MUXCY:CI->O           1   0.023   0.000  tmpA[31]_tmpB[31]_div_9/Mcompar_o<10>_cy<11> (tmpA[31]_tmpB[31]_div_9/Mcompar_o<10>_cy<11>)
     MUXCY:CI->O          73   0.235   2.429  tmpA[31]_tmpB[31]_div_9/Mcompar_o<10>_cy<12> (div<10>)
     LUT5:I0->O            6   0.254   1.152  tmpA[31]_tmpB[31]_div_9/Mmux_a[0]_GND_3_o_MUX_2502_o111 (tmpA[31]_tmpB[31]_div_9/a[10]_GND_3_o_MUX_2492_o)
     LUT4:I0->O            0   0.254   0.000  tmpA[31]_tmpB[31]_div_9/Mcompar_o<9>_lutdi (tmpA[31]_tmpB[31]_div_9/Mcompar_o<9>_lutdi)
     MUXCY:DI->O           1   0.181   0.000  tmpA[31]_tmpB[31]_div_9/Mcompar_o<9>_cy<0> (tmpA[31]_tmpB[31]_div_9/Mcompar_o<9>_cy<0>)
     MUXCY:CI->O           1   0.023   0.000  tmpA[31]_tmpB[31]_div_9/Mcompar_o<9>_cy<1> (tmpA[31]_tmpB[31]_div_9/Mcompar_o<9>_cy<1>)
     MUXCY:CI->O           1   0.023   0.000  tmpA[31]_tmpB[31]_div_9/Mcompar_o<9>_cy<2> (tmpA[31]_tmpB[31]_div_9/Mcompar_o<9>_cy<2>)
     MUXCY:CI->O           1   0.023   0.000  tmpA[31]_tmpB[31]_div_9/Mcompar_o<9>_cy<3> (tmpA[31]_tmpB[31]_div_9/Mcompar_o<9>_cy<3>)
     MUXCY:CI->O           1   0.023   0.000  tmpA[31]_tmpB[31]_div_9/Mcompar_o<9>_cy<4> (tmpA[31]_tmpB[31]_div_9/Mcompar_o<9>_cy<4>)
     MUXCY:CI->O           1   0.023   0.000  tmpA[31]_tmpB[31]_div_9/Mcompar_o<9>_cy<5> (tmpA[31]_tmpB[31]_div_9/Mcompar_o<9>_cy<5>)
     MUXCY:CI->O           1   0.023   0.000  tmpA[31]_tmpB[31]_div_9/Mcompar_o<9>_cy<6> (tmpA[31]_tmpB[31]_div_9/Mcompar_o<9>_cy<6>)
     MUXCY:CI->O           1   0.023   0.000  tmpA[31]_tmpB[31]_div_9/Mcompar_o<9>_cy<7> (tmpA[31]_tmpB[31]_div_9/Mcompar_o<9>_cy<7>)
     MUXCY:CI->O           1   0.023   0.000  tmpA[31]_tmpB[31]_div_9/Mcompar_o<9>_cy<8> (tmpA[31]_tmpB[31]_div_9/Mcompar_o<9>_cy<8>)
     MUXCY:CI->O           1   0.023   0.000  tmpA[31]_tmpB[31]_div_9/Mcompar_o<9>_cy<9> (tmpA[31]_tmpB[31]_div_9/Mcompar_o<9>_cy<9>)
     MUXCY:CI->O           1   0.023   0.000  tmpA[31]_tmpB[31]_div_9/Mcompar_o<9>_cy<10> (tmpA[31]_tmpB[31]_div_9/Mcompar_o<9>_cy<10>)
     MUXCY:CI->O           1   0.023   0.000  tmpA[31]_tmpB[31]_div_9/Mcompar_o<9>_cy<11> (tmpA[31]_tmpB[31]_div_9/Mcompar_o<9>_cy<11>)
     MUXCY:CI->O           1   0.023   0.000  tmpA[31]_tmpB[31]_div_9/Mcompar_o<9>_cy<12> (tmpA[31]_tmpB[31]_div_9/Mcompar_o<9>_cy<12>)
     MUXCY:CI->O          63   0.235   2.352  tmpA[31]_tmpB[31]_div_9/Mcompar_o<9>_cy<13> (div<9>)
     LUT5:I0->O            6   0.254   1.152  tmpA[31]_tmpB[31]_div_9/Mmux_a[0]_GND_3_o_MUX_2584_o1311 (tmpA[31]_tmpB[31]_div_9/a[9]_GND_3_o_MUX_2575_o)
     LUT4:I0->O            0   0.254   0.000  tmpA[31]_tmpB[31]_div_9/Mcompar_o<8>_lutdi (tmpA[31]_tmpB[31]_div_9/Mcompar_o<8>_lutdi)
     MUXCY:DI->O           1   0.181   0.000  tmpA[31]_tmpB[31]_div_9/Mcompar_o<8>_cy<0> (tmpA[31]_tmpB[31]_div_9/Mcompar_o<8>_cy<0>)
     MUXCY:CI->O           1   0.023   0.000  tmpA[31]_tmpB[31]_div_9/Mcompar_o<8>_cy<1> (tmpA[31]_tmpB[31]_div_9/Mcompar_o<8>_cy<1>)
     MUXCY:CI->O           1   0.023   0.000  tmpA[31]_tmpB[31]_div_9/Mcompar_o<8>_cy<2> (tmpA[31]_tmpB[31]_div_9/Mcompar_o<8>_cy<2>)
     MUXCY:CI->O           1   0.023   0.000  tmpA[31]_tmpB[31]_div_9/Mcompar_o<8>_cy<3> (tmpA[31]_tmpB[31]_div_9/Mcompar_o<8>_cy<3>)
     MUXCY:CI->O           1   0.023   0.000  tmpA[31]_tmpB[31]_div_9/Mcompar_o<8>_cy<4> (tmpA[31]_tmpB[31]_div_9/Mcompar_o<8>_cy<4>)
     MUXCY:CI->O           1   0.023   0.000  tmpA[31]_tmpB[31]_div_9/Mcompar_o<8>_cy<5> (tmpA[31]_tmpB[31]_div_9/Mcompar_o<8>_cy<5>)
     MUXCY:CI->O           1   0.023   0.000  tmpA[31]_tmpB[31]_div_9/Mcompar_o<8>_cy<6> (tmpA[31]_tmpB[31]_div_9/Mcompar_o<8>_cy<6>)
     MUXCY:CI->O           1   0.023   0.000  tmpA[31]_tmpB[31]_div_9/Mcompar_o<8>_cy<7> (tmpA[31]_tmpB[31]_div_9/Mcompar_o<8>_cy<7>)
     MUXCY:CI->O           1   0.023   0.000  tmpA[31]_tmpB[31]_div_9/Mcompar_o<8>_cy<8> (tmpA[31]_tmpB[31]_div_9/Mcompar_o<8>_cy<8>)
     MUXCY:CI->O           1   0.023   0.000  tmpA[31]_tmpB[31]_div_9/Mcompar_o<8>_cy<9> (tmpA[31]_tmpB[31]_div_9/Mcompar_o<8>_cy<9>)
     MUXCY:CI->O           1   0.023   0.000  tmpA[31]_tmpB[31]_div_9/Mcompar_o<8>_cy<10> (tmpA[31]_tmpB[31]_div_9/Mcompar_o<8>_cy<10>)
     MUXCY:CI->O           1   0.023   0.000  tmpA[31]_tmpB[31]_div_9/Mcompar_o<8>_cy<11> (tmpA[31]_tmpB[31]_div_9/Mcompar_o<8>_cy<11>)
     MUXCY:CI->O           1   0.023   0.000  tmpA[31]_tmpB[31]_div_9/Mcompar_o<8>_cy<12> (tmpA[31]_tmpB[31]_div_9/Mcompar_o<8>_cy<12>)
     MUXCY:CI->O          79   0.235   2.476  tmpA[31]_tmpB[31]_div_9/Mcompar_o<8>_cy<13> (div<8>)
     LUT5:I0->O            6   0.254   1.152  tmpA[31]_tmpB[31]_div_9/Mmux_a[0]_GND_3_o_MUX_2664_o1301 (tmpA[31]_tmpB[31]_div_9/a[8]_GND_3_o_MUX_2656_o)
     LUT4:I0->O            0   0.254   0.000  tmpA[31]_tmpB[31]_div_9/Mcompar_o<7>_lutdi (tmpA[31]_tmpB[31]_div_9/Mcompar_o<7>_lutdi)
     MUXCY:DI->O           1   0.181   0.000  tmpA[31]_tmpB[31]_div_9/Mcompar_o<7>_cy<0> (tmpA[31]_tmpB[31]_div_9/Mcompar_o<7>_cy<0>)
     MUXCY:CI->O           1   0.023   0.000  tmpA[31]_tmpB[31]_div_9/Mcompar_o<7>_cy<1> (tmpA[31]_tmpB[31]_div_9/Mcompar_o<7>_cy<1>)
     MUXCY:CI->O           1   0.023   0.000  tmpA[31]_tmpB[31]_div_9/Mcompar_o<7>_cy<2> (tmpA[31]_tmpB[31]_div_9/Mcompar_o<7>_cy<2>)
     MUXCY:CI->O           1   0.023   0.000  tmpA[31]_tmpB[31]_div_9/Mcompar_o<7>_cy<3> (tmpA[31]_tmpB[31]_div_9/Mcompar_o<7>_cy<3>)
     MUXCY:CI->O           1   0.023   0.000  tmpA[31]_tmpB[31]_div_9/Mcompar_o<7>_cy<4> (tmpA[31]_tmpB[31]_div_9/Mcompar_o<7>_cy<4>)
     MUXCY:CI->O           1   0.023   0.000  tmpA[31]_tmpB[31]_div_9/Mcompar_o<7>_cy<5> (tmpA[31]_tmpB[31]_div_9/Mcompar_o<7>_cy<5>)
     MUXCY:CI->O           1   0.023   0.000  tmpA[31]_tmpB[31]_div_9/Mcompar_o<7>_cy<6> (tmpA[31]_tmpB[31]_div_9/Mcompar_o<7>_cy<6>)
     MUXCY:CI->O           1   0.023   0.000  tmpA[31]_tmpB[31]_div_9/Mcompar_o<7>_cy<7> (tmpA[31]_tmpB[31]_div_9/Mcompar_o<7>_cy<7>)
     MUXCY:CI->O           1   0.023   0.000  tmpA[31]_tmpB[31]_div_9/Mcompar_o<7>_cy<8> (tmpA[31]_tmpB[31]_div_9/Mcompar_o<7>_cy<8>)
     MUXCY:CI->O           1   0.023   0.000  tmpA[31]_tmpB[31]_div_9/Mcompar_o<7>_cy<9> (tmpA[31]_tmpB[31]_div_9/Mcompar_o<7>_cy<9>)
     MUXCY:CI->O           1   0.023   0.000  tmpA[31]_tmpB[31]_div_9/Mcompar_o<7>_cy<10> (tmpA[31]_tmpB[31]_div_9/Mcompar_o<7>_cy<10>)
     MUXCY:CI->O           1   0.023   0.000  tmpA[31]_tmpB[31]_div_9/Mcompar_o<7>_cy<11> (tmpA[31]_tmpB[31]_div_9/Mcompar_o<7>_cy<11>)
     MUXCY:CI->O           1   0.023   0.000  tmpA[31]_tmpB[31]_div_9/Mcompar_o<7>_cy<12> (tmpA[31]_tmpB[31]_div_9/Mcompar_o<7>_cy<12>)
     MUXCY:CI->O          69   0.235   2.398  tmpA[31]_tmpB[31]_div_9/Mcompar_o<7>_cy<13> (div<7>)
     LUT5:I0->O            6   0.254   1.152  tmpA[31]_tmpB[31]_div_9/Mmux_a[0]_GND_3_o_MUX_2742_o1291 (tmpA[31]_tmpB[31]_div_9/a[7]_GND_3_o_MUX_2735_o)
     LUT4:I0->O            0   0.254   0.000  tmpA[31]_tmpB[31]_div_9/Mcompar_o<6>_lutdi (tmpA[31]_tmpB[31]_div_9/Mcompar_o<6>_lutdi)
     MUXCY:DI->O           1   0.181   0.000  tmpA[31]_tmpB[31]_div_9/Mcompar_o<6>_cy<0> (tmpA[31]_tmpB[31]_div_9/Mcompar_o<6>_cy<0>)
     MUXCY:CI->O           1   0.023   0.000  tmpA[31]_tmpB[31]_div_9/Mcompar_o<6>_cy<1> (tmpA[31]_tmpB[31]_div_9/Mcompar_o<6>_cy<1>)
     MUXCY:CI->O           1   0.023   0.000  tmpA[31]_tmpB[31]_div_9/Mcompar_o<6>_cy<2> (tmpA[31]_tmpB[31]_div_9/Mcompar_o<6>_cy<2>)
     MUXCY:CI->O           1   0.023   0.000  tmpA[31]_tmpB[31]_div_9/Mcompar_o<6>_cy<3> (tmpA[31]_tmpB[31]_div_9/Mcompar_o<6>_cy<3>)
     MUXCY:CI->O           1   0.023   0.000  tmpA[31]_tmpB[31]_div_9/Mcompar_o<6>_cy<4> (tmpA[31]_tmpB[31]_div_9/Mcompar_o<6>_cy<4>)
     MUXCY:CI->O           1   0.023   0.000  tmpA[31]_tmpB[31]_div_9/Mcompar_o<6>_cy<5> (tmpA[31]_tmpB[31]_div_9/Mcompar_o<6>_cy<5>)
     MUXCY:CI->O           1   0.023   0.000  tmpA[31]_tmpB[31]_div_9/Mcompar_o<6>_cy<6> (tmpA[31]_tmpB[31]_div_9/Mcompar_o<6>_cy<6>)
     MUXCY:CI->O           1   0.023   0.000  tmpA[31]_tmpB[31]_div_9/Mcompar_o<6>_cy<7> (tmpA[31]_tmpB[31]_div_9/Mcompar_o<6>_cy<7>)
     MUXCY:CI->O           1   0.023   0.000  tmpA[31]_tmpB[31]_div_9/Mcompar_o<6>_cy<8> (tmpA[31]_tmpB[31]_div_9/Mcompar_o<6>_cy<8>)
     MUXCY:CI->O           1   0.023   0.000  tmpA[31]_tmpB[31]_div_9/Mcompar_o<6>_cy<9> (tmpA[31]_tmpB[31]_div_9/Mcompar_o<6>_cy<9>)
     MUXCY:CI->O           1   0.023   0.000  tmpA[31]_tmpB[31]_div_9/Mcompar_o<6>_cy<10> (tmpA[31]_tmpB[31]_div_9/Mcompar_o<6>_cy<10>)
     MUXCY:CI->O           1   0.023   0.000  tmpA[31]_tmpB[31]_div_9/Mcompar_o<6>_cy<11> (tmpA[31]_tmpB[31]_div_9/Mcompar_o<6>_cy<11>)
     MUXCY:CI->O           1   0.023   0.000  tmpA[31]_tmpB[31]_div_9/Mcompar_o<6>_cy<12> (tmpA[31]_tmpB[31]_div_9/Mcompar_o<6>_cy<12>)
     MUXCY:CI->O          85   0.235   2.523  tmpA[31]_tmpB[31]_div_9/Mcompar_o<6>_cy<13> (div<6>)
     LUT5:I0->O            6   0.254   1.152  tmpA[31]_tmpB[31]_div_9/Mmux_a[0]_GND_3_o_MUX_2818_o1281 (tmpA[31]_tmpB[31]_div_9/a[6]_GND_3_o_MUX_2812_o)
     LUT4:I0->O            0   0.254   0.000  tmpA[31]_tmpB[31]_div_9/Mcompar_o<5>_lutdi (tmpA[31]_tmpB[31]_div_9/Mcompar_o<5>_lutdi)
     MUXCY:DI->O           1   0.181   0.000  tmpA[31]_tmpB[31]_div_9/Mcompar_o<5>_cy<0> (tmpA[31]_tmpB[31]_div_9/Mcompar_o<5>_cy<0>)
     MUXCY:CI->O           1   0.023   0.000  tmpA[31]_tmpB[31]_div_9/Mcompar_o<5>_cy<1> (tmpA[31]_tmpB[31]_div_9/Mcompar_o<5>_cy<1>)
     MUXCY:CI->O           1   0.023   0.000  tmpA[31]_tmpB[31]_div_9/Mcompar_o<5>_cy<2> (tmpA[31]_tmpB[31]_div_9/Mcompar_o<5>_cy<2>)
     MUXCY:CI->O           1   0.023   0.000  tmpA[31]_tmpB[31]_div_9/Mcompar_o<5>_cy<3> (tmpA[31]_tmpB[31]_div_9/Mcompar_o<5>_cy<3>)
     MUXCY:CI->O           1   0.023   0.000  tmpA[31]_tmpB[31]_div_9/Mcompar_o<5>_cy<4> (tmpA[31]_tmpB[31]_div_9/Mcompar_o<5>_cy<4>)
     MUXCY:CI->O           1   0.023   0.000  tmpA[31]_tmpB[31]_div_9/Mcompar_o<5>_cy<5> (tmpA[31]_tmpB[31]_div_9/Mcompar_o<5>_cy<5>)
     MUXCY:CI->O           1   0.023   0.000  tmpA[31]_tmpB[31]_div_9/Mcompar_o<5>_cy<6> (tmpA[31]_tmpB[31]_div_9/Mcompar_o<5>_cy<6>)
     MUXCY:CI->O           1   0.023   0.000  tmpA[31]_tmpB[31]_div_9/Mcompar_o<5>_cy<7> (tmpA[31]_tmpB[31]_div_9/Mcompar_o<5>_cy<7>)
     MUXCY:CI->O           1   0.023   0.000  tmpA[31]_tmpB[31]_div_9/Mcompar_o<5>_cy<8> (tmpA[31]_tmpB[31]_div_9/Mcompar_o<5>_cy<8>)
     MUXCY:CI->O           1   0.023   0.000  tmpA[31]_tmpB[31]_div_9/Mcompar_o<5>_cy<9> (tmpA[31]_tmpB[31]_div_9/Mcompar_o<5>_cy<9>)
     MUXCY:CI->O           1   0.023   0.000  tmpA[31]_tmpB[31]_div_9/Mcompar_o<5>_cy<10> (tmpA[31]_tmpB[31]_div_9/Mcompar_o<5>_cy<10>)
     MUXCY:CI->O           1   0.023   0.000  tmpA[31]_tmpB[31]_div_9/Mcompar_o<5>_cy<11> (tmpA[31]_tmpB[31]_div_9/Mcompar_o<5>_cy<11>)
     MUXCY:CI->O           1   0.023   0.000  tmpA[31]_tmpB[31]_div_9/Mcompar_o<5>_cy<12> (tmpA[31]_tmpB[31]_div_9/Mcompar_o<5>_cy<12>)
     MUXCY:CI->O           1   0.023   0.000  tmpA[31]_tmpB[31]_div_9/Mcompar_o<5>_cy<13> (tmpA[31]_tmpB[31]_div_9/Mcompar_o<5>_cy<13>)
     MUXCY:CI->O          75   0.235   2.445  tmpA[31]_tmpB[31]_div_9/Mcompar_o<5>_cy<14> (div<5>)
     LUT5:I0->O            6   0.254   1.152  tmpA[31]_tmpB[31]_div_9/Mmux_a[0]_GND_3_o_MUX_2892_o1271 (tmpA[31]_tmpB[31]_div_9/a[5]_GND_3_o_MUX_2887_o)
     LUT4:I0->O            0   0.254   0.000  tmpA[31]_tmpB[31]_div_9/Mcompar_o<4>_lutdi (tmpA[31]_tmpB[31]_div_9/Mcompar_o<4>_lutdi)
     MUXCY:DI->O           1   0.181   0.000  tmpA[31]_tmpB[31]_div_9/Mcompar_o<4>_cy<0> (tmpA[31]_tmpB[31]_div_9/Mcompar_o<4>_cy<0>)
     MUXCY:CI->O           1   0.023   0.000  tmpA[31]_tmpB[31]_div_9/Mcompar_o<4>_cy<1> (tmpA[31]_tmpB[31]_div_9/Mcompar_o<4>_cy<1>)
     MUXCY:CI->O           1   0.023   0.000  tmpA[31]_tmpB[31]_div_9/Mcompar_o<4>_cy<2> (tmpA[31]_tmpB[31]_div_9/Mcompar_o<4>_cy<2>)
     MUXCY:CI->O           1   0.023   0.000  tmpA[31]_tmpB[31]_div_9/Mcompar_o<4>_cy<3> (tmpA[31]_tmpB[31]_div_9/Mcompar_o<4>_cy<3>)
     MUXCY:CI->O           1   0.023   0.000  tmpA[31]_tmpB[31]_div_9/Mcompar_o<4>_cy<4> (tmpA[31]_tmpB[31]_div_9/Mcompar_o<4>_cy<4>)
     MUXCY:CI->O           1   0.023   0.000  tmpA[31]_tmpB[31]_div_9/Mcompar_o<4>_cy<5> (tmpA[31]_tmpB[31]_div_9/Mcompar_o<4>_cy<5>)
     MUXCY:CI->O           1   0.023   0.000  tmpA[31]_tmpB[31]_div_9/Mcompar_o<4>_cy<6> (tmpA[31]_tmpB[31]_div_9/Mcompar_o<4>_cy<6>)
     MUXCY:CI->O           1   0.023   0.000  tmpA[31]_tmpB[31]_div_9/Mcompar_o<4>_cy<7> (tmpA[31]_tmpB[31]_div_9/Mcompar_o<4>_cy<7>)
     MUXCY:CI->O           1   0.023   0.000  tmpA[31]_tmpB[31]_div_9/Mcompar_o<4>_cy<8> (tmpA[31]_tmpB[31]_div_9/Mcompar_o<4>_cy<8>)
     MUXCY:CI->O           1   0.023   0.000  tmpA[31]_tmpB[31]_div_9/Mcompar_o<4>_cy<9> (tmpA[31]_tmpB[31]_div_9/Mcompar_o<4>_cy<9>)
     MUXCY:CI->O           1   0.023   0.000  tmpA[31]_tmpB[31]_div_9/Mcompar_o<4>_cy<10> (tmpA[31]_tmpB[31]_div_9/Mcompar_o<4>_cy<10>)
     MUXCY:CI->O           1   0.023   0.000  tmpA[31]_tmpB[31]_div_9/Mcompar_o<4>_cy<11> (tmpA[31]_tmpB[31]_div_9/Mcompar_o<4>_cy<11>)
     MUXCY:CI->O           1   0.023   0.000  tmpA[31]_tmpB[31]_div_9/Mcompar_o<4>_cy<12> (tmpA[31]_tmpB[31]_div_9/Mcompar_o<4>_cy<12>)
     MUXCY:CI->O           1   0.023   0.000  tmpA[31]_tmpB[31]_div_9/Mcompar_o<4>_cy<13> (tmpA[31]_tmpB[31]_div_9/Mcompar_o<4>_cy<13>)
     MUXCY:CI->O          91   0.235   2.569  tmpA[31]_tmpB[31]_div_9/Mcompar_o<4>_cy<14> (div<4>)
     LUT5:I0->O            6   0.254   1.152  tmpA[31]_tmpB[31]_div_9/Mmux_a[0]_GND_3_o_MUX_2964_o1261 (tmpA[31]_tmpB[31]_div_9/a[4]_GND_3_o_MUX_2960_o)
     LUT4:I0->O            0   0.254   0.000  tmpA[31]_tmpB[31]_div_9/Mcompar_o<3>_lutdi (tmpA[31]_tmpB[31]_div_9/Mcompar_o<3>_lutdi)
     MUXCY:DI->O           1   0.181   0.000  tmpA[31]_tmpB[31]_div_9/Mcompar_o<3>_cy<0> (tmpA[31]_tmpB[31]_div_9/Mcompar_o<3>_cy<0>)
     MUXCY:CI->O           1   0.023   0.000  tmpA[31]_tmpB[31]_div_9/Mcompar_o<3>_cy<1> (tmpA[31]_tmpB[31]_div_9/Mcompar_o<3>_cy<1>)
     MUXCY:CI->O           1   0.023   0.000  tmpA[31]_tmpB[31]_div_9/Mcompar_o<3>_cy<2> (tmpA[31]_tmpB[31]_div_9/Mcompar_o<3>_cy<2>)
     MUXCY:CI->O           1   0.023   0.000  tmpA[31]_tmpB[31]_div_9/Mcompar_o<3>_cy<3> (tmpA[31]_tmpB[31]_div_9/Mcompar_o<3>_cy<3>)
     MUXCY:CI->O           1   0.023   0.000  tmpA[31]_tmpB[31]_div_9/Mcompar_o<3>_cy<4> (tmpA[31]_tmpB[31]_div_9/Mcompar_o<3>_cy<4>)
     MUXCY:CI->O           1   0.023   0.000  tmpA[31]_tmpB[31]_div_9/Mcompar_o<3>_cy<5> (tmpA[31]_tmpB[31]_div_9/Mcompar_o<3>_cy<5>)
     MUXCY:CI->O           1   0.023   0.000  tmpA[31]_tmpB[31]_div_9/Mcompar_o<3>_cy<6> (tmpA[31]_tmpB[31]_div_9/Mcompar_o<3>_cy<6>)
     MUXCY:CI->O           1   0.023   0.000  tmpA[31]_tmpB[31]_div_9/Mcompar_o<3>_cy<7> (tmpA[31]_tmpB[31]_div_9/Mcompar_o<3>_cy<7>)
     MUXCY:CI->O           1   0.023   0.000  tmpA[31]_tmpB[31]_div_9/Mcompar_o<3>_cy<8> (tmpA[31]_tmpB[31]_div_9/Mcompar_o<3>_cy<8>)
     MUXCY:CI->O           1   0.023   0.000  tmpA[31]_tmpB[31]_div_9/Mcompar_o<3>_cy<9> (tmpA[31]_tmpB[31]_div_9/Mcompar_o<3>_cy<9>)
     MUXCY:CI->O           1   0.023   0.000  tmpA[31]_tmpB[31]_div_9/Mcompar_o<3>_cy<10> (tmpA[31]_tmpB[31]_div_9/Mcompar_o<3>_cy<10>)
     MUXCY:CI->O           1   0.023   0.000  tmpA[31]_tmpB[31]_div_9/Mcompar_o<3>_cy<11> (tmpA[31]_tmpB[31]_div_9/Mcompar_o<3>_cy<11>)
     MUXCY:CI->O           1   0.023   0.000  tmpA[31]_tmpB[31]_div_9/Mcompar_o<3>_cy<12> (tmpA[31]_tmpB[31]_div_9/Mcompar_o<3>_cy<12>)
     MUXCY:CI->O           1   0.235   0.682  tmpA[31]_tmpB[31]_div_9/Mcompar_o<3>_cy<13> (tmpA[31]_tmpB[31]_div_9/Mcompar_o<3>_cy<13>)
     LUT6:I5->O           83   0.254   2.507  tmpA[31]_tmpB[31]_div_9/Mcompar_o<3>_cy<14> (div<3>)
     LUT5:I0->O            5   0.254   1.117  tmpA[31]_tmpB[31]_div_9/Mmux_a[0]_GND_3_o_MUX_3034_o1251 (tmpA[31]_tmpB[31]_div_9/a[3]_GND_3_o_MUX_3031_o)
     LUT4:I0->O            0   0.254   0.000  tmpA[31]_tmpB[31]_div_9/Mcompar_o<2>_lutdi (tmpA[31]_tmpB[31]_div_9/Mcompar_o<2>_lutdi)
     MUXCY:DI->O           1   0.181   0.000  tmpA[31]_tmpB[31]_div_9/Mcompar_o<2>_cy<0> (tmpA[31]_tmpB[31]_div_9/Mcompar_o<2>_cy<0>)
     MUXCY:CI->O           1   0.023   0.000  tmpA[31]_tmpB[31]_div_9/Mcompar_o<2>_cy<1> (tmpA[31]_tmpB[31]_div_9/Mcompar_o<2>_cy<1>)
     MUXCY:CI->O           1   0.023   0.000  tmpA[31]_tmpB[31]_div_9/Mcompar_o<2>_cy<2> (tmpA[31]_tmpB[31]_div_9/Mcompar_o<2>_cy<2>)
     MUXCY:CI->O           1   0.023   0.000  tmpA[31]_tmpB[31]_div_9/Mcompar_o<2>_cy<3> (tmpA[31]_tmpB[31]_div_9/Mcompar_o<2>_cy<3>)
     MUXCY:CI->O           1   0.023   0.000  tmpA[31]_tmpB[31]_div_9/Mcompar_o<2>_cy<4> (tmpA[31]_tmpB[31]_div_9/Mcompar_o<2>_cy<4>)
     MUXCY:CI->O           1   0.023   0.000  tmpA[31]_tmpB[31]_div_9/Mcompar_o<2>_cy<5> (tmpA[31]_tmpB[31]_div_9/Mcompar_o<2>_cy<5>)
     MUXCY:CI->O           1   0.023   0.000  tmpA[31]_tmpB[31]_div_9/Mcompar_o<2>_cy<6> (tmpA[31]_tmpB[31]_div_9/Mcompar_o<2>_cy<6>)
     MUXCY:CI->O           1   0.023   0.000  tmpA[31]_tmpB[31]_div_9/Mcompar_o<2>_cy<7> (tmpA[31]_tmpB[31]_div_9/Mcompar_o<2>_cy<7>)
     MUXCY:CI->O           1   0.023   0.000  tmpA[31]_tmpB[31]_div_9/Mcompar_o<2>_cy<8> (tmpA[31]_tmpB[31]_div_9/Mcompar_o<2>_cy<8>)
     MUXCY:CI->O           1   0.023   0.000  tmpA[31]_tmpB[31]_div_9/Mcompar_o<2>_cy<9> (tmpA[31]_tmpB[31]_div_9/Mcompar_o<2>_cy<9>)
     MUXCY:CI->O           1   0.023   0.000  tmpA[31]_tmpB[31]_div_9/Mcompar_o<2>_cy<10> (tmpA[31]_tmpB[31]_div_9/Mcompar_o<2>_cy<10>)
     MUXCY:CI->O           1   0.023   0.000  tmpA[31]_tmpB[31]_div_9/Mcompar_o<2>_cy<11> (tmpA[31]_tmpB[31]_div_9/Mcompar_o<2>_cy<11>)
     MUXCY:CI->O           1   0.023   0.000  tmpA[31]_tmpB[31]_div_9/Mcompar_o<2>_cy<12> (tmpA[31]_tmpB[31]_div_9/Mcompar_o<2>_cy<12>)
     MUXCY:CI->O           1   0.023   0.000  tmpA[31]_tmpB[31]_div_9/Mcompar_o<2>_cy<13> (tmpA[31]_tmpB[31]_div_9/Mcompar_o<2>_cy<13>)
     MUXCY:CI->O           1   0.023   0.000  tmpA[31]_tmpB[31]_div_9/Mcompar_o<2>_cy<14> (tmpA[31]_tmpB[31]_div_9/Mcompar_o<2>_cy<14>)
     MUXCY:CI->O          90   0.235   2.561  tmpA[31]_tmpB[31]_div_9/Mcompar_o<2>_cy<15> (div<2>)
     LUT5:I0->O            2   0.254   1.002  tmpA[31]_tmpB[31]_div_9/Mmux_a[0]_GND_3_o_MUX_3102_o1221 (tmpA[31]_tmpB[31]_div_9/a[2]_GND_3_o_MUX_3100_o)
     LUT4:I0->O            0   0.254   0.000  tmpA[31]_tmpB[31]_div_9/Mcompar_o<1>_lutdi (tmpA[31]_tmpB[31]_div_9/Mcompar_o<1>_lutdi)
     MUXCY:DI->O           1   0.181   0.000  tmpA[31]_tmpB[31]_div_9/Mcompar_o<1>_cy<0> (tmpA[31]_tmpB[31]_div_9/Mcompar_o<1>_cy<0>)
     MUXCY:CI->O           1   0.023   0.000  tmpA[31]_tmpB[31]_div_9/Mcompar_o<1>_cy<1> (tmpA[31]_tmpB[31]_div_9/Mcompar_o<1>_cy<1>)
     MUXCY:CI->O           1   0.023   0.000  tmpA[31]_tmpB[31]_div_9/Mcompar_o<1>_cy<2> (tmpA[31]_tmpB[31]_div_9/Mcompar_o<1>_cy<2>)
     MUXCY:CI->O           1   0.023   0.000  tmpA[31]_tmpB[31]_div_9/Mcompar_o<1>_cy<3> (tmpA[31]_tmpB[31]_div_9/Mcompar_o<1>_cy<3>)
     MUXCY:CI->O           1   0.023   0.000  tmpA[31]_tmpB[31]_div_9/Mcompar_o<1>_cy<4> (tmpA[31]_tmpB[31]_div_9/Mcompar_o<1>_cy<4>)
     MUXCY:CI->O           1   0.023   0.000  tmpA[31]_tmpB[31]_div_9/Mcompar_o<1>_cy<5> (tmpA[31]_tmpB[31]_div_9/Mcompar_o<1>_cy<5>)
     MUXCY:CI->O           1   0.023   0.000  tmpA[31]_tmpB[31]_div_9/Mcompar_o<1>_cy<6> (tmpA[31]_tmpB[31]_div_9/Mcompar_o<1>_cy<6>)
     MUXCY:CI->O           1   0.023   0.000  tmpA[31]_tmpB[31]_div_9/Mcompar_o<1>_cy<7> (tmpA[31]_tmpB[31]_div_9/Mcompar_o<1>_cy<7>)
     MUXCY:CI->O           1   0.023   0.000  tmpA[31]_tmpB[31]_div_9/Mcompar_o<1>_cy<8> (tmpA[31]_tmpB[31]_div_9/Mcompar_o<1>_cy<8>)
     MUXCY:CI->O           1   0.023   0.000  tmpA[31]_tmpB[31]_div_9/Mcompar_o<1>_cy<9> (tmpA[31]_tmpB[31]_div_9/Mcompar_o<1>_cy<9>)
     MUXCY:CI->O           1   0.023   0.000  tmpA[31]_tmpB[31]_div_9/Mcompar_o<1>_cy<10> (tmpA[31]_tmpB[31]_div_9/Mcompar_o<1>_cy<10>)
     MUXCY:CI->O           1   0.023   0.000  tmpA[31]_tmpB[31]_div_9/Mcompar_o<1>_cy<11> (tmpA[31]_tmpB[31]_div_9/Mcompar_o<1>_cy<11>)
     MUXCY:CI->O           1   0.023   0.000  tmpA[31]_tmpB[31]_div_9/Mcompar_o<1>_cy<12> (tmpA[31]_tmpB[31]_div_9/Mcompar_o<1>_cy<12>)
     MUXCY:CI->O           1   0.023   0.000  tmpA[31]_tmpB[31]_div_9/Mcompar_o<1>_cy<13> (tmpA[31]_tmpB[31]_div_9/Mcompar_o<1>_cy<13>)
     MUXCY:CI->O           2   0.235   0.954  tmpA[31]_tmpB[31]_div_9/Mcompar_o<1>_cy<14> (tmpA[31]_tmpB[31]_div_9/Mcompar_o<1>_cy<14>)
     LUT6:I3->O           31   0.235   1.933  tmpA[31]_tmpB[31]_div_9/Mcompar_o<1>_cy<15> (div<1>)
     LUT5:I0->O            2   0.254   1.002  tmpA[31]_tmpB[31]_div_9/Mmux_n3430121 (tmpA[31]_tmpB[31]_div_9/n3430<1>)
     LUT4:I0->O            0   0.254   0.000  tmpA[31]_tmpB[31]_div_9/Mcompar_o<0>_lutdi (tmpA[31]_tmpB[31]_div_9/Mcompar_o<0>_lutdi)
     MUXCY:DI->O           1   0.181   0.000  tmpA[31]_tmpB[31]_div_9/Mcompar_o<0>_cy<0> (tmpA[31]_tmpB[31]_div_9/Mcompar_o<0>_cy<0>)
     MUXCY:CI->O           1   0.023   0.000  tmpA[31]_tmpB[31]_div_9/Mcompar_o<0>_cy<1> (tmpA[31]_tmpB[31]_div_9/Mcompar_o<0>_cy<1>)
     MUXCY:CI->O           1   0.023   0.000  tmpA[31]_tmpB[31]_div_9/Mcompar_o<0>_cy<2> (tmpA[31]_tmpB[31]_div_9/Mcompar_o<0>_cy<2>)
     MUXCY:CI->O           1   0.023   0.000  tmpA[31]_tmpB[31]_div_9/Mcompar_o<0>_cy<3> (tmpA[31]_tmpB[31]_div_9/Mcompar_o<0>_cy<3>)
     MUXCY:CI->O           1   0.023   0.000  tmpA[31]_tmpB[31]_div_9/Mcompar_o<0>_cy<4> (tmpA[31]_tmpB[31]_div_9/Mcompar_o<0>_cy<4>)
     MUXCY:CI->O           1   0.023   0.000  tmpA[31]_tmpB[31]_div_9/Mcompar_o<0>_cy<5> (tmpA[31]_tmpB[31]_div_9/Mcompar_o<0>_cy<5>)
     MUXCY:CI->O           1   0.023   0.000  tmpA[31]_tmpB[31]_div_9/Mcompar_o<0>_cy<6> (tmpA[31]_tmpB[31]_div_9/Mcompar_o<0>_cy<6>)
     MUXCY:CI->O           1   0.023   0.000  tmpA[31]_tmpB[31]_div_9/Mcompar_o<0>_cy<7> (tmpA[31]_tmpB[31]_div_9/Mcompar_o<0>_cy<7>)
     MUXCY:CI->O           1   0.023   0.000  tmpA[31]_tmpB[31]_div_9/Mcompar_o<0>_cy<8> (tmpA[31]_tmpB[31]_div_9/Mcompar_o<0>_cy<8>)
     MUXCY:CI->O           1   0.023   0.000  tmpA[31]_tmpB[31]_div_9/Mcompar_o<0>_cy<9> (tmpA[31]_tmpB[31]_div_9/Mcompar_o<0>_cy<9>)
     MUXCY:CI->O           1   0.023   0.000  tmpA[31]_tmpB[31]_div_9/Mcompar_o<0>_cy<10> (tmpA[31]_tmpB[31]_div_9/Mcompar_o<0>_cy<10>)
     MUXCY:CI->O           1   0.023   0.000  tmpA[31]_tmpB[31]_div_9/Mcompar_o<0>_cy<11> (tmpA[31]_tmpB[31]_div_9/Mcompar_o<0>_cy<11>)
     MUXCY:CI->O           1   0.023   0.000  tmpA[31]_tmpB[31]_div_9/Mcompar_o<0>_cy<12> (tmpA[31]_tmpB[31]_div_9/Mcompar_o<0>_cy<12>)
     MUXCY:CI->O           1   0.023   0.000  tmpA[31]_tmpB[31]_div_9/Mcompar_o<0>_cy<13> (tmpA[31]_tmpB[31]_div_9/Mcompar_o<0>_cy<13>)
     MUXCY:CI->O           1   0.235   0.682  tmpA[31]_tmpB[31]_div_9/Mcompar_o<0>_cy<14> (tmpA[31]_tmpB[31]_div_9/Mcompar_o<0>_cy<14>)
     LUT6:I5->O            1   0.254   1.137  tmpA[31]_tmpB[31]_div_9/Mcompar_o<0>_cy<15> (div<0>)
     LUT6:I0->O            1   0.254   0.000  iControlSignal[3]_iA[31]_select_30_OUT<0>4_F (N6)
     MUXF7:I0->O           1   0.163   0.000  iControlSignal[3]_iA[31]_select_30_OUT<0>4 (iControlSignal[3]_iA[31]_select_30_OUT<0>)
     FD:D                      0.074          ALUresultReg_0
    ----------------------------------------
    Total                    147.502ns (39.613ns logic, 107.889ns route)
                                       (26.9% logic, 73.1% route)

=========================================================================
Timing constraint: Default OFFSET OUT AFTER for Clock 'iCLK'
  Total number of paths / destination ports: 32 / 32
-------------------------------------------------------------------------
Offset:              4.118ns (Levels of Logic = 1)
  Source:            ALUresultReg_31 (FF)
  Destination:       oALUresult<31> (PAD)
  Source Clock:      iCLK rising

  Data Path: ALUresultReg_31 to oALUresult<31>
                                Gate     Net
    Cell:in->out      fanout   Delay   Delay  Logical Name (Net Name)
    ----------------------------------------  ------------
     FD:C->Q               1   0.525   0.681  ALUresultReg_31 (ALUresultReg_31)
     OBUF:I->O                 2.912          oALUresult_31_OBUF (oALUresult<31>)
    ----------------------------------------
    Total                      4.118ns (3.437ns logic, 0.681ns route)
                                       (83.5% logic, 16.5% route)

=========================================================================

Cross Clock Domains Report:
--------------------------

=========================================================================


Total REAL time to Xst completion: 54.00 secs
Total CPU time to Xst completion: 53.79 secs
 
--> 

Total memory usage is 300216 kilobytes

Number of errors   :    0 (   0 filtered)
Number of warnings :    5 (   0 filtered)
Number of infos    :    0 (   0 filtered)

